******************************************************************************
                  MSP430 Linker PC v20.2.1                     
******************************************************************************
>> Linked Sun Jan  3 20:00:34 2021

OUTPUT FILE NAME:   <airfryer-grill-prototype.out>
ENTRY POINT SYMBOL: "_c_int00_noargs"  address: 0000e5a0


MEMORY CONFIGURATION

         name            origin    length      used     unused   attr    fill
----------------------  --------  ---------  --------  --------  ----  --------
  SFR                   00000000   00000010  00000000  00000010  RWIX
  PERIPHERALS_8BIT      00000010   000000f0  00000000  000000f0  RWIX
  PERIPHERALS_16BIT     00000100   00000100  00000000  00000100  RWIX
  RAM                   00000200   00000200  000001ad  00000053  RWIX
  INFOD                 00001000   00000040  00000000  00000040  RWIX
  INFOC                 00001040   00000040  00000000  00000040  RWIX
  INFOB                 00001080   00000040  00000000  00000040  RWIX
  INFOA                 000010c0   00000040  00000000  00000040  RWIX
  FLASH                 0000e000   00001fde  0000067b  00001963  RWIX
  BSLSIGNATURE          0000ffde   00000002  00000002  00000000  RWIX  ffff 
  INT00                 0000ffe0   00000002  00000002  00000000  RWIX
  INT01                 0000ffe2   00000002  00000000  00000002  RWIX
  INT02                 0000ffe4   00000002  00000002  00000000  RWIX
  INT03                 0000ffe6   00000002  00000002  00000000  RWIX
  INT04                 0000ffe8   00000002  00000000  00000002  RWIX
  INT05                 0000ffea   00000002  00000002  00000000  RWIX
  INT06                 0000ffec   00000002  00000002  00000000  RWIX
  INT07                 0000ffee   00000002  00000002  00000000  RWIX
  INT08                 0000fff0   00000002  00000002  00000000  RWIX
  INT09                 0000fff2   00000002  00000002  00000000  RWIX
  INT10                 0000fff4   00000002  00000002  00000000  RWIX
  INT11                 0000fff6   00000002  00000000  00000002  RWIX
  INT12                 0000fff8   00000002  00000002  00000000  RWIX
  INT13                 0000fffa   00000002  00000002  00000000  RWIX
  INT14                 0000fffc   00000002  00000002  00000000  RWIX
  RESET                 0000fffe   00000002  00000002  00000000  RWIX


SECTION ALLOCATION MAP

 output                                  attributes/
section   page    origin      length       input sections
--------  ----  ----------  ----------   ----------------
.bss       0    00000200    0000015a     UNINITIALIZED
                  00000200    000000c8     (.common:buttons)
                  000002c8    00000064     (.common:neopixel_leds)
                  0000032c    00000014     (.common:ui)
                  00000340    00000010     (.common:display)
                  00000350    00000006     (.common:g_display_config)
                  00000356    00000004     (.common:g_uptime)

.data      0    0000035a    00000003     UNINITIALIZED
                  0000035a    00000002     clock.obj (.data)
                  0000035c    00000001     cap_buttons.obj (.data)

.stack     0    000003b0    00000050     UNINITIALIZED
                  000003b0    00000002     rts430_eabi.lib : boot.c.obj (.stack)
                  000003b2    0000004e     --HOLE--

.text      0    0000e000    0000065e     
                  0000e000    0000008c     main.obj (.text:main)
                  0000e08c    0000007c     rts430_eabi.lib : copy_decompress_lzss.c.obj (.text:decompress:lzss:__TI_decompress_lzss)
                  0000e108    00000064     neopixel.obj (.text:ShowChannel)
                  0000e16c    0000005c     MAX7219.obj (.text:display_init)
                  0000e1c8    0000005c     neopixel.obj (.text:neopixel_Show)
                  0000e224    0000005a     cap_buttons.obj (.text:update_press_from_interrupt)
                  0000e27e    0000004c     rts430_eabi.lib : lsr16.asm.obj (.text)
                  0000e2ca    0000004a     clock.obj (.text:clock_init)
                  0000e314    0000004a     neopixel.obj (.text:neopixel_Clear)
                  0000e35e    00000046     MAX7219.obj (.text:display_write_config)
                  0000e3a4    00000042     rts430_eabi.lib : autoinit.c.obj (.text:__TI_auto_init_nobinit_nopinit:__TI_auto_init_nobinit_nopinit)
                  0000e3e6    0000003a     MAX7219.obj (.text:spi_Write_Reg)
                  0000e420    00000032     MAX7219.obj (.text:display_show_all_digits)
                  0000e452    00000030     MAX7219.obj (.text:display_off)
                  0000e482    0000002e     clock.obj (.text:Timer_A)
                  0000e4b0    0000002c     rts430_eabi.lib : asr16.asm.obj (.text)
                  0000e4dc    0000002c                     : lsl16.asm.obj (.text)
                  0000e508    0000002a     cap_buttons.obj (.text:buttons_check)
                  0000e532    00000028     clock.obj (.text:rtc_tick)
                  0000e55a    00000026     delay.obj (.text:delay_us)
                  0000e580    00000020     cap_buttons.obj (.text:Port_2)
                  0000e5a0    0000001c     rts430_eabi.lib : boot.c.obj (.text:_c_int00_noargs)
                  0000e5bc    0000001c     neopixel.obj (.text:neopixel_Init)
                  0000e5d8    00000016     rts430_eabi.lib : div16u.asm.obj (.text)
                  0000e5ee    00000014                     : copy_zero_init.c.obj (.text:decompress:ZI:__TI_zero_init_nomemset:__TI_zero_init_nomemset)
                  0000e602    00000014                     : mult16.asm.obj (.text)
                  0000e616    00000012                     : copy_decompress_none.c.obj (.text:decompress:none:__TI_decompress_none)
                  0000e628    00000012                     : memcpy.c.obj (.text:memcpy)
                  0000e63a    00000010                     : epilog.asm.obj (.text)
                  0000e64a    00000008                     : isr_trap.asm.obj (.text:_isr:__TI_ISR_TRAP)
                  0000e652    00000006                     : exit.c.obj (.text:abort)
                  0000e658    00000004                     : pre_init.c.obj (.text:_system_pre_init)
                  0000e65c    00000002                     : startup.c.obj (.text:_system_post_cinit)

.const     0    0000e65e    00000003     
                  0000e65e    00000003     neopixel.obj (.const:$P$T1$1)

.cinit     0    0000e662    0000001a     
                  0000e662    00000007     (.cinit..data.load) [load image]
                  0000e669    00000001     --HOLE-- [fill = 0]
                  0000e66a    00000006     (__TI_handler_table)
                  0000e670    00000004     (.cinit..bss.load) [load image, compression = zero_init]
                  0000e674    00000008     (__TI_cinit_table)

.binit     0    0000e000    00000000     

.init_array 
*          0    0000e000    00000000     UNINITIALIZED

TRAPINT    0    0000ffe0    00000002     
                  0000ffe0    00000002     rts430_eabi.lib : int00.asm.obj (.int00)

PORT1      0    0000ffe4    00000002     
                  0000ffe4    00000002     rts430_eabi.lib : int02.asm.obj (.int02)

PORT2      0    0000ffe6    00000002     
                  0000ffe6    00000002     cap_buttons.obj (.int03)

ADC10      0    0000ffea    00000002     
                  0000ffea    00000002     rts430_eabi.lib : int05.asm.obj (.int05)

USCIAB0TX 
*          0    0000ffec    00000002     
                  0000ffec    00000002     rts430_eabi.lib : int06.asm.obj (.int06)

USCIAB0RX 
*          0    0000ffee    00000002     
                  0000ffee    00000002     rts430_eabi.lib : int07.asm.obj (.int07)

TIMER0_A1 
*          0    0000fff0    00000002     
                  0000fff0    00000002     rts430_eabi.lib : int08.asm.obj (.int08)

TIMER0_A0 
*          0    0000fff2    00000002     
                  0000fff2    00000002     clock.obj (.int09)

WDT        0    0000fff4    00000002     
                  0000fff4    00000002     rts430_eabi.lib : int10.asm.obj (.int10)

TIMER1_A1 
*          0    0000fff8    00000002     
                  0000fff8    00000002     rts430_eabi.lib : int12.asm.obj (.int12)

TIMER1_A0 
*          0    0000fffa    00000002     
                  0000fffa    00000002     rts430_eabi.lib : int13.asm.obj (.int13)

NMI        0    0000fffc    00000002     
                  0000fffc    00000002     rts430_eabi.lib : int14.asm.obj (.int14)

.reset     0    0000fffe    00000002     
                  0000fffe    00000002     rts430_eabi.lib : boot.c.obj (.reset)

$fill000   0    0000ffde    00000002     
                  0000ffde    00000002     --HOLE-- [fill = ffff]

MODULE SUMMARY

       Module                       code   ro data   rw data
       ------                       ----   -------   -------
    .\
       main.obj                     140    0         46     
    +--+----------------------------+------+---------+---------+
       Total:                       140    0         46     
                                                            
    .\drivers\src\
       neopixel.obj                 294    3         100    
       cap_buttons.obj              164    2         201    
       MAX7219.obj                  318    0         0      
    +--+----------------------------+------+---------+---------+
       Total:                       776    5         301    
                                                            
    .\utility\
       clock.obj                    160    2         2      
       delay.obj                    38     0         0      
    +--+----------------------------+------+---------+---------+
       Total:                       198    2         2      
                                                            
    C:\ti\ccs1011\ccs\tools\compiler\ti-cgt-msp430_20.2.1.LTS\lib\rts430_eabi.lib
       copy_decompress_lzss.c.obj   124    0         0      
       lsr16.asm.obj                76     0         0      
       autoinit.c.obj               66     0         0      
       asr16.asm.obj                44     0         0      
       lsl16.asm.obj                44     0         0      
       boot.c.obj                   28     2         0      
       div16u.asm.obj               22     0         0      
       copy_zero_init.c.obj         20     0         0      
       mult16.asm.obj               20     0         0      
       copy_decompress_none.c.obj   18     0         0      
       memcpy.c.obj                 18     0         0      
       epilog.asm.obj               16     0         0      
       isr_trap.asm.obj             8      0         0      
       exit.c.obj                   6      0         0      
       pre_init.c.obj               4      0         0      
       int00.asm.obj                0      2         0      
       int02.asm.obj                0      2         0      
       int05.asm.obj                0      2         0      
       int06.asm.obj                0      2         0      
       int07.asm.obj                0      2         0      
       int08.asm.obj                0      2         0      
       int10.asm.obj                0      2         0      
       int12.asm.obj                0      2         0      
       int13.asm.obj                0      2         0      
       int14.asm.obj                0      2         0      
       startup.c.obj                2      0         0      
    +--+----------------------------+------+---------+---------+
       Total:                       516    22        0      
                                                            
       Stack:                       0      0         80     
       Linker Generated:            0      25        0      
    +--+----------------------------+------+---------+---------+
       Grand Total:                 1630   54        429    


LINKER GENERATED COPY TABLES

__TI_cinit_table @ 0000e674 records: 2, size/record: 4, table size: 8
	.data: load addr=0000e662, load size=00000007 bytes, run addr=0000035a, run size=00000003 bytes, compression=copy
	.bss: load addr=0000e670, load size=00000004 bytes, run addr=00000200, run size=0000015a bytes, compression=zero_init


LINKER GENERATED HANDLER TABLE

__TI_handler_table @ 0000e66a records: 3, size/record: 2, table size: 6
	index: 0, handler: __TI_zero_init
	index: 1, handler: __TI_decompress_lzss
	index: 2, handler: __TI_decompress_none


GLOBAL SYMBOLS: SORTED ALPHABETICALLY BY Name 

address   name                          
-------   ----                          
0000004a  ADC10AE0                      
000001b0  ADC10CTL0                     
000001b2  ADC10CTL1                     
00000048  ADC10DTC0                     
00000049  ADC10DTC1                     
000001b4  ADC10MEM                      
000001bc  ADC10SA                       
00000057  BCSCTL1                       
00000058  BCSCTL2                       
00000053  BCSCTL3                       
0000e652  C$$EXIT                       
000010fb  CALBC1_12MHZ                  
000010f9  CALBC1_16MHZ                  
000010ff  CALBC1_1MHZ                   
000010fd  CALBC1_8MHZ                   
000010fa  CALDCO_12MHZ                  
000010f8  CALDCO_16MHZ                  
000010fe  CALDCO_1MHZ                   
000010fc  CALDCO_8MHZ                   
00000056  DCOCTL                        
00000128  FCTL1                         
0000012a  FCTL2                         
0000012c  FCTL3                         
00000000  IE1                           
00000001  IE2                           
00000002  IFG1                          
00000003  IFG2                          
00000022  P1DIR                         
00000025  P1IE                          
00000024  P1IES                         
00000023  P1IFG                         
00000020  P1IN                          
00000021  P1OUT                         
00000027  P1REN                         
00000026  P1SEL                         
00000041  P1SEL2                        
0000002a  P2DIR                         
0000002d  P2IE                          
0000002c  P2IES                         
0000002b  P2IFG                         
00000028  P2IN                          
00000029  P2OUT                         
0000002f  P2REN                         
0000002e  P2SEL                         
00000042  P2SEL2                        
0000001a  P3DIR                         
00000018  P3IN                          
00000019  P3OUT                         
00000010  P3REN                         
0000001b  P3SEL                         
00000043  P3SEL2                        
0000e580  Port_2                        
00000172  TA0CCR0                       
00000174  TA0CCR1                       
00000176  TA0CCR2                       
00000162  TA0CCTL0                      
00000164  TA0CCTL1                      
00000166  TA0CCTL2                      
00000160  TA0CTL                        
0000012e  TA0IV                         
00000170  TA0R                          
00000192  TA1CCR0                       
00000194  TA1CCR1                       
00000196  TA1CCR2                       
00000182  TA1CCTL0                      
00000184  TA1CCTL1                      
00000186  TA1CCTL2                      
00000180  TA1CTL                        
0000011e  TA1IV                         
00000190  TA1R                          
000010db  TLV_ADC10_1_LEN               
000010da  TLV_ADC10_1_TAG               
000010c0  TLV_CHECKSUM                  
000010f7  TLV_DCO_30_LEN                
000010f6  TLV_DCO_30_TAG                
0000e482  Timer_A                       
0000005d  UCA0ABCTL                     
00000062  UCA0BR0                       
00000063  UCA0BR1                       
00000060  UCA0CTL0                      
00000061  UCA0CTL1                      
0000005f  UCA0IRRCTL                    
0000005e  UCA0IRTCTL                    
00000064  UCA0MCTL                      
00000066  UCA0RXBUF                     
00000065  UCA0STAT                      
00000067  UCA0TXBUF                     
0000006a  UCB0BR0                       
0000006b  UCB0BR1                       
00000068  UCB0CTL0                      
00000069  UCB0CTL1                      
0000006c  UCB0I2CIE                     
00000118  UCB0I2COA                     
0000011a  UCB0I2CSA                     
0000006e  UCB0RXBUF                     
0000006d  UCB0STAT                      
0000006f  UCB0TXBUF                     
00000120  WDTCTL                        
00000400  __STACK_END                   
00000050  __STACK_SIZE                  
0000e674  __TI_CINIT_Base               
0000e67c  __TI_CINIT_Limit              
0000e66a  __TI_Handler_Table_Base       
0000e670  __TI_Handler_Table_Limit      
0000e64a  __TI_ISR_TRAP                 
0000e3a4  __TI_auto_init_nobinit_nopinit
0000e08c  __TI_decompress_lzss          
0000e616  __TI_decompress_none          
0000ffe0  __TI_int00                    
0000ffe4  __TI_int02                    
0000ffe6  __TI_int03                    
0000ffea  __TI_int05                    
0000ffec  __TI_int06                    
0000ffee  __TI_int07                    
0000fff0  __TI_int08                    
0000fff2  __TI_int09                    
0000fff4  __TI_int10                    
0000fff8  __TI_int12                    
0000fffa  __TI_int13                    
0000fffc  __TI_int14                    
ffffffff  __TI_pprof_out_hndl           
ffffffff  __TI_prof_data_size           
ffffffff  __TI_prof_data_start          
0000e5ee  __TI_zero_init_nomemset       
ffffffff  __c_args__                    
0000e5d8  __mspabi_divu                 
0000e646  __mspabi_func_epilog_1        
0000e644  __mspabi_func_epilog_2        
0000e642  __mspabi_func_epilog_3        
0000e640  __mspabi_func_epilog_4        
0000e63e  __mspabi_func_epilog_5        
0000e63c  __mspabi_func_epilog_6        
0000e63a  __mspabi_func_epilog_7        
0000e602  __mspabi_mpyi                 
0000e602  __mspabi_mpyi_sw              
0000e5d8  __mspabi_remu                 
0000e4dc  __mspabi_slli                 
0000e504  __mspabi_slli_1               
0000e4f2  __mspabi_slli_10              
0000e4f0  __mspabi_slli_11              
0000e4ee  __mspabi_slli_12              
0000e4ec  __mspabi_slli_13              
0000e4ea  __mspabi_slli_14              
0000e4e8  __mspabi_slli_15              
0000e502  __mspabi_slli_2               
0000e500  __mspabi_slli_3               
0000e4fe  __mspabi_slli_4               
0000e4fc  __mspabi_slli_5               
0000e4fa  __mspabi_slli_6               
0000e4f8  __mspabi_slli_7               
0000e4f6  __mspabi_slli_8               
0000e4f4  __mspabi_slli_9               
0000e4b0  __mspabi_srai                 
0000e4d8  __mspabi_srai_1               
0000e4c6  __mspabi_srai_10              
0000e4c4  __mspabi_srai_11              
0000e4c2  __mspabi_srai_12              
0000e4c0  __mspabi_srai_13              
0000e4be  __mspabi_srai_14              
0000e4bc  __mspabi_srai_15              
0000e4d6  __mspabi_srai_2               
0000e4d4  __mspabi_srai_3               
0000e4d2  __mspabi_srai_4               
0000e4d0  __mspabi_srai_5               
0000e4ce  __mspabi_srai_6               
0000e4cc  __mspabi_srai_7               
0000e4ca  __mspabi_srai_8               
0000e4c8  __mspabi_srai_9               
0000e27e  __mspabi_srli                 
0000e2c4  __mspabi_srli_1               
0000e2a0  __mspabi_srli_10              
0000e29c  __mspabi_srli_11              
0000e298  __mspabi_srli_12              
0000e294  __mspabi_srli_13              
0000e290  __mspabi_srli_14              
0000e28c  __mspabi_srli_15              
0000e2c0  __mspabi_srli_2               
0000e2bc  __mspabi_srli_3               
0000e2b8  __mspabi_srli_4               
0000e2b4  __mspabi_srli_5               
0000e2b0  __mspabi_srli_6               
0000e2ac  __mspabi_srli_7               
0000e2a8  __mspabi_srli_8               
0000e2a4  __mspabi_srli_9               
0000e5a0  _c_int00_noargs               
0000fffe  _reset_vector                 
000003b0  _stack                        
0000e65c  _system_post_cinit            
0000e658  _system_pre_init              
0000e652  abort                         
00000200  buttons                       
0000e508  buttons_check                 
0000035c  buttons_new_press             
0000e2ca  clock_init                    
0000e55a  delay_us                      
00000340  display                       
0000e16c  display_init                  
0000e452  display_off                   
0000e420  display_show_all_digits       
0000e35e  display_write_config          
00000350  g_display_config              
00000356  g_uptime                      
0000e000  main                          
0000e628  memcpy                        
0000e314  neopixel_Clear                
0000e5bc  neopixel_Init                 
0000e1c8  neopixel_Show                 
000002c8  neopixel_leds                 
0000035a  rtc_miliseconds               
0000e532  rtc_tick                      
0000e3e6  spi_Write_Reg                 
0000032c  ui                            
0000e224  update_press_from_interrupt   


GLOBAL SYMBOLS: SORTED BY Symbol Address 

address   name                          
-------   ----                          
00000000  IE1                           
00000001  IE2                           
00000002  IFG1                          
00000003  IFG2                          
00000010  P3REN                         
00000018  P3IN                          
00000019  P3OUT                         
0000001a  P3DIR                         
0000001b  P3SEL                         
00000020  P1IN                          
00000021  P1OUT                         
00000022  P1DIR                         
00000023  P1IFG                         
00000024  P1IES                         
00000025  P1IE                          
00000026  P1SEL                         
00000027  P1REN                         
00000028  P2IN                          
00000029  P2OUT                         
0000002a  P2DIR                         
0000002b  P2IFG                         
0000002c  P2IES                         
0000002d  P2IE                          
0000002e  P2SEL                         
0000002f  P2REN                         
00000041  P1SEL2                        
00000042  P2SEL2                        
00000043  P3SEL2                        
00000048  ADC10DTC0                     
00000049  ADC10DTC1                     
0000004a  ADC10AE0                      
00000050  __STACK_SIZE                  
00000053  BCSCTL3                       
00000056  DCOCTL                        
00000057  BCSCTL1                       
00000058  BCSCTL2                       
0000005d  UCA0ABCTL                     
0000005e  UCA0IRTCTL                    
0000005f  UCA0IRRCTL                    
00000060  UCA0CTL0                      
00000061  UCA0CTL1                      
00000062  UCA0BR0                       
00000063  UCA0BR1                       
00000064  UCA0MCTL                      
00000065  UCA0STAT                      
00000066  UCA0RXBUF                     
00000067  UCA0TXBUF                     
00000068  UCB0CTL0                      
00000069  UCB0CTL1                      
0000006a  UCB0BR0                       
0000006b  UCB0BR1                       
0000006c  UCB0I2CIE                     
0000006d  UCB0STAT                      
0000006e  UCB0RXBUF                     
0000006f  UCB0TXBUF                     
00000118  UCB0I2COA                     
0000011a  UCB0I2CSA                     
0000011e  TA1IV                         
00000120  WDTCTL                        
00000128  FCTL1                         
0000012a  FCTL2                         
0000012c  FCTL3                         
0000012e  TA0IV                         
00000160  TA0CTL                        
00000162  TA0CCTL0                      
00000164  TA0CCTL1                      
00000166  TA0CCTL2                      
00000170  TA0R                          
00000172  TA0CCR0                       
00000174  TA0CCR1                       
00000176  TA0CCR2                       
00000180  TA1CTL                        
00000182  TA1CCTL0                      
00000184  TA1CCTL1                      
00000186  TA1CCTL2                      
00000190  TA1R                          
00000192  TA1CCR0                       
00000194  TA1CCR1                       
00000196  TA1CCR2                       
000001b0  ADC10CTL0                     
000001b2  ADC10CTL1                     
000001b4  ADC10MEM                      
000001bc  ADC10SA                       
00000200  buttons                       
000002c8  neopixel_leds                 
0000032c  ui                            
00000340  display                       
00000350  g_display_config              
00000356  g_uptime                      
0000035a  rtc_miliseconds               
0000035c  buttons_new_press             
000003b0  _stack                        
00000400  __STACK_END                   
000010c0  TLV_CHECKSUM                  
000010da  TLV_ADC10_1_TAG               
000010db  TLV_ADC10_1_LEN               
000010f6  TLV_DCO_30_TAG                
000010f7  TLV_DCO_30_LEN                
000010f8  CALDCO_16MHZ                  
000010f9  CALBC1_16MHZ                  
000010fa  CALDCO_12MHZ                  
000010fb  CALBC1_12MHZ                  
000010fc  CALDCO_8MHZ                   
000010fd  CALBC1_8MHZ                   
000010fe  CALDCO_1MHZ                   
000010ff  CALBC1_1MHZ                   
0000e000  main                          
0000e08c  __TI_decompress_lzss          
0000e16c  display_init                  
0000e1c8  neopixel_Show                 
0000e224  update_press_from_interrupt   
0000e27e  __mspabi_srli                 
0000e28c  __mspabi_srli_15              
0000e290  __mspabi_srli_14              
0000e294  __mspabi_srli_13              
0000e298  __mspabi_srli_12              
0000e29c  __mspabi_srli_11              
0000e2a0  __mspabi_srli_10              
0000e2a4  __mspabi_srli_9               
0000e2a8  __mspabi_srli_8               
0000e2ac  __mspabi_srli_7               
0000e2b0  __mspabi_srli_6               
0000e2b4  __mspabi_srli_5               
0000e2b8  __mspabi_srli_4               
0000e2bc  __mspabi_srli_3               
0000e2c0  __mspabi_srli_2               
0000e2c4  __mspabi_srli_1               
0000e2ca  clock_init                    
0000e314  neopixel_Clear                
0000e35e  display_write_config          
0000e3a4  __TI_auto_init_nobinit_nopinit
0000e3e6  spi_Write_Reg                 
0000e420  display_show_all_digits       
0000e452  display_off                   
0000e482  Timer_A                       
0000e4b0  __mspabi_srai                 
0000e4bc  __mspabi_srai_15              
0000e4be  __mspabi_srai_14              
0000e4c0  __mspabi_srai_13              
0000e4c2  __mspabi_srai_12              
0000e4c4  __mspabi_srai_11              
0000e4c6  __mspabi_srai_10              
0000e4c8  __mspabi_srai_9               
0000e4ca  __mspabi_srai_8               
0000e4cc  __mspabi_srai_7               
0000e4ce  __mspabi_srai_6               
0000e4d0  __mspabi_srai_5               
0000e4d2  __mspabi_srai_4               
0000e4d4  __mspabi_srai_3               
0000e4d6  __mspabi_srai_2               
0000e4d8  __mspabi_srai_1               
0000e4dc  __mspabi_slli                 
0000e4e8  __mspabi_slli_15              
0000e4ea  __mspabi_slli_14              
0000e4ec  __mspabi_slli_13              
0000e4ee  __mspabi_slli_12              
0000e4f0  __mspabi_slli_11              
0000e4f2  __mspabi_slli_10              
0000e4f4  __mspabi_slli_9               
0000e4f6  __mspabi_slli_8               
0000e4f8  __mspabi_slli_7               
0000e4fa  __mspabi_slli_6               
0000e4fc  __mspabi_slli_5               
0000e4fe  __mspabi_slli_4               
0000e500  __mspabi_slli_3               
0000e502  __mspabi_slli_2               
0000e504  __mspabi_slli_1               
0000e508  buttons_check                 
0000e532  rtc_tick                      
0000e55a  delay_us                      
0000e580  Port_2                        
0000e5a0  _c_int00_noargs               
0000e5bc  neopixel_Init                 
0000e5d8  __mspabi_divu                 
0000e5d8  __mspabi_remu                 
0000e5ee  __TI_zero_init_nomemset       
0000e602  __mspabi_mpyi                 
0000e602  __mspabi_mpyi_sw              
0000e616  __TI_decompress_none          
0000e628  memcpy                        
0000e63a  __mspabi_func_epilog_7        
0000e63c  __mspabi_func_epilog_6        
0000e63e  __mspabi_func_epilog_5        
0000e640  __mspabi_func_epilog_4        
0000e642  __mspabi_func_epilog_3        
0000e644  __mspabi_func_epilog_2        
0000e646  __mspabi_func_epilog_1        
0000e64a  __TI_ISR_TRAP                 
0000e652  C$$EXIT                       
0000e652  abort                         
0000e658  _system_pre_init              
0000e65c  _system_post_cinit            
0000e66a  __TI_Handler_Table_Base       
0000e670  __TI_Handler_Table_Limit      
0000e674  __TI_CINIT_Base               
0000e67c  __TI_CINIT_Limit              
0000ffe0  __TI_int00                    
0000ffe4  __TI_int02                    
0000ffe6  __TI_int03                    
0000ffea  __TI_int05                    
0000ffec  __TI_int06                    
0000ffee  __TI_int07                    
0000fff0  __TI_int08                    
0000fff2  __TI_int09                    
0000fff4  __TI_int10                    
0000fff8  __TI_int12                    
0000fffa  __TI_int13                    
0000fffc  __TI_int14                    
0000fffe  _reset_vector                 
ffffffff  __TI_pprof_out_hndl           
ffffffff  __TI_prof_data_size           
ffffffff  __TI_prof_data_start          
ffffffff  __c_args__                    

[213 symbols]
