<?xml version="1.0" encoding="ISO-8859-1" ?>
<link_info>
   <banner>MSP430 Linker PC v20.2.1.LTS</banner>
   <copyright>Copyright (c) 2003-2018 Texas Instruments Incorporated</copyright>
   <link_time>0x5ff268b2</link_time>
   <link_errors>0x0</link_errors>
   <output_file>airfryer-grill-prototype.out</output_file>
   <entry_point>
      <name>_c_int00_noargs</name>
      <address>0xe5a0</address>
   </entry_point>
   <input_file_list>
      <input_file id="fl-2">
         <path>.\</path>
         <kind>object</kind>
         <file>main.obj</file>
         <name>main.obj</name>
      </input_file>
      <input_file id="fl-3">
         <path>.\drivers\src\</path>
         <kind>object</kind>
         <file>MAX7219.obj</file>
         <name>MAX7219.obj</name>
      </input_file>
      <input_file id="fl-4">
         <path>.\drivers\src\</path>
         <kind>object</kind>
         <file>cap_buttons.obj</file>
         <name>cap_buttons.obj</name>
      </input_file>
      <input_file id="fl-5">
         <path>.\drivers\src\</path>
         <kind>object</kind>
         <file>neopixel.obj</file>
         <name>neopixel.obj</name>
      </input_file>
      <input_file id="fl-6">
         <path>.\utility\</path>
         <kind>object</kind>
         <file>clock.obj</file>
         <name>clock.obj</name>
      </input_file>
      <input_file id="fl-7">
         <path>.\utility\</path>
         <kind>object</kind>
         <file>delay.obj</file>
         <name>delay.obj</name>
      </input_file>
      <input_file id="fl-c">
         <kind>object</kind>
         <file>&lt;internal&gt;</file>
         <name>&lt;internal&gt;</name>
      </input_file>
      <input_file id="fl-22">
         <path>C:\ti\ccs1011\ccs\tools\compiler\ti-cgt-msp430_20.2.1.LTS\lib\</path>
         <kind>archive</kind>
         <file>rts430_eabi.lib</file>
         <name>asr16.asm.obj</name>
      </input_file>
      <input_file id="fl-23">
         <path>C:\ti\ccs1011\ccs\tools\compiler\ti-cgt-msp430_20.2.1.LTS\lib\</path>
         <kind>archive</kind>
         <file>rts430_eabi.lib</file>
         <name>div16u.asm.obj</name>
      </input_file>
      <input_file id="fl-24">
         <path>C:\ti\ccs1011\ccs\tools\compiler\ti-cgt-msp430_20.2.1.LTS\lib\</path>
         <kind>archive</kind>
         <file>rts430_eabi.lib</file>
         <name>div32u.asm.obj</name>
      </input_file>
      <input_file id="fl-25">
         <path>C:\ti\ccs1011\ccs\tools\compiler\ti-cgt-msp430_20.2.1.LTS\lib\</path>
         <kind>archive</kind>
         <file>rts430_eabi.lib</file>
         <name>int00.asm.obj</name>
      </input_file>
      <input_file id="fl-26">
         <path>C:\ti\ccs1011\ccs\tools\compiler\ti-cgt-msp430_20.2.1.LTS\lib\</path>
         <kind>archive</kind>
         <file>rts430_eabi.lib</file>
         <name>int02.asm.obj</name>
      </input_file>
      <input_file id="fl-27">
         <path>C:\ti\ccs1011\ccs\tools\compiler\ti-cgt-msp430_20.2.1.LTS\lib\</path>
         <kind>archive</kind>
         <file>rts430_eabi.lib</file>
         <name>int05.asm.obj</name>
      </input_file>
      <input_file id="fl-28">
         <path>C:\ti\ccs1011\ccs\tools\compiler\ti-cgt-msp430_20.2.1.LTS\lib\</path>
         <kind>archive</kind>
         <file>rts430_eabi.lib</file>
         <name>int06.asm.obj</name>
      </input_file>
      <input_file id="fl-29">
         <path>C:\ti\ccs1011\ccs\tools\compiler\ti-cgt-msp430_20.2.1.LTS\lib\</path>
         <kind>archive</kind>
         <file>rts430_eabi.lib</file>
         <name>int07.asm.obj</name>
      </input_file>
      <input_file id="fl-2a">
         <path>C:\ti\ccs1011\ccs\tools\compiler\ti-cgt-msp430_20.2.1.LTS\lib\</path>
         <kind>archive</kind>
         <file>rts430_eabi.lib</file>
         <name>int08.asm.obj</name>
      </input_file>
      <input_file id="fl-2b">
         <path>C:\ti\ccs1011\ccs\tools\compiler\ti-cgt-msp430_20.2.1.LTS\lib\</path>
         <kind>archive</kind>
         <file>rts430_eabi.lib</file>
         <name>int10.asm.obj</name>
      </input_file>
      <input_file id="fl-2c">
         <path>C:\ti\ccs1011\ccs\tools\compiler\ti-cgt-msp430_20.2.1.LTS\lib\</path>
         <kind>archive</kind>
         <file>rts430_eabi.lib</file>
         <name>int12.asm.obj</name>
      </input_file>
      <input_file id="fl-2d">
         <path>C:\ti\ccs1011\ccs\tools\compiler\ti-cgt-msp430_20.2.1.LTS\lib\</path>
         <kind>archive</kind>
         <file>rts430_eabi.lib</file>
         <name>int13.asm.obj</name>
      </input_file>
      <input_file id="fl-2e">
         <path>C:\ti\ccs1011\ccs\tools\compiler\ti-cgt-msp430_20.2.1.LTS\lib\</path>
         <kind>archive</kind>
         <file>rts430_eabi.lib</file>
         <name>int14.asm.obj</name>
      </input_file>
      <input_file id="fl-2f">
         <path>C:\ti\ccs1011\ccs\tools\compiler\ti-cgt-msp430_20.2.1.LTS\lib\</path>
         <kind>archive</kind>
         <file>rts430_eabi.lib</file>
         <name>isr_trap.asm.obj</name>
      </input_file>
      <input_file id="fl-30">
         <path>C:\ti\ccs1011\ccs\tools\compiler\ti-cgt-msp430_20.2.1.LTS\lib\</path>
         <kind>archive</kind>
         <file>rts430_eabi.lib</file>
         <name>mult16.asm.obj</name>
      </input_file>
      <input_file id="fl-31">
         <path>C:\ti\ccs1011\ccs\tools\compiler\ti-cgt-msp430_20.2.1.LTS\lib\</path>
         <kind>archive</kind>
         <file>rts430_eabi.lib</file>
         <name>boot.c.obj</name>
      </input_file>
      <input_file id="fl-32">
         <path>C:\ti\ccs1011\ccs\tools\compiler\ti-cgt-msp430_20.2.1.LTS\lib\</path>
         <kind>archive</kind>
         <file>rts430_eabi.lib</file>
         <name>autoinit.c.obj</name>
      </input_file>
      <input_file id="fl-33">
         <path>C:\ti\ccs1011\ccs\tools\compiler\ti-cgt-msp430_20.2.1.LTS\lib\</path>
         <kind>archive</kind>
         <file>rts430_eabi.lib</file>
         <name>copy_zero_init.c.obj</name>
      </input_file>
      <input_file id="fl-34">
         <path>C:\ti\ccs1011\ccs\tools\compiler\ti-cgt-msp430_20.2.1.LTS\lib\</path>
         <kind>archive</kind>
         <file>rts430_eabi.lib</file>
         <name>cpy_tbl.c.obj</name>
      </input_file>
      <input_file id="fl-35">
         <path>C:\ti\ccs1011\ccs\tools\compiler\ti-cgt-msp430_20.2.1.LTS\lib\</path>
         <kind>archive</kind>
         <file>rts430_eabi.lib</file>
         <name>mpu_init.c.obj</name>
      </input_file>
      <input_file id="fl-36">
         <path>C:\ti\ccs1011\ccs\tools\compiler\ti-cgt-msp430_20.2.1.LTS\lib\</path>
         <kind>archive</kind>
         <file>rts430_eabi.lib</file>
         <name>pre_init.c.obj</name>
      </input_file>
      <input_file id="fl-37">
         <path>C:\ti\ccs1011\ccs\tools\compiler\ti-cgt-msp430_20.2.1.LTS\lib\</path>
         <kind>archive</kind>
         <file>rts430_eabi.lib</file>
         <name>startup.c.obj</name>
      </input_file>
      <input_file id="fl-38">
         <path>C:\ti\ccs1011\ccs\tools\compiler\ti-cgt-msp430_20.2.1.LTS\lib\</path>
         <kind>archive</kind>
         <file>rts430_eabi.lib</file>
         <name>copy_decompress_none.c.obj</name>
      </input_file>
      <input_file id="fl-39">
         <path>C:\ti\ccs1011\ccs\tools\compiler\ti-cgt-msp430_20.2.1.LTS\lib\</path>
         <kind>archive</kind>
         <file>rts430_eabi.lib</file>
         <name>copy_decompress_lzss.c.obj</name>
      </input_file>
      <input_file id="fl-3a">
         <path>C:\ti\ccs1011\ccs\tools\compiler\ti-cgt-msp430_20.2.1.LTS\lib\</path>
         <kind>archive</kind>
         <file>rts430_eabi.lib</file>
         <name>exit.c.obj</name>
      </input_file>
      <input_file id="fl-3b">
         <path>C:\ti\ccs1011\ccs\tools\compiler\ti-cgt-msp430_20.2.1.LTS\lib\</path>
         <kind>archive</kind>
         <file>rts430_eabi.lib</file>
         <name>_lock.c.obj</name>
      </input_file>
      <input_file id="fl-3c">
         <path>C:\ti\ccs1011\ccs\tools\compiler\ti-cgt-msp430_20.2.1.LTS\lib\</path>
         <kind>archive</kind>
         <file>rts430_eabi.lib</file>
         <name>args_main.c.obj</name>
      </input_file>
      <input_file id="fl-3d">
         <path>C:\ti\ccs1011\ccs\tools\compiler\ti-cgt-msp430_20.2.1.LTS\lib\</path>
         <kind>archive</kind>
         <file>rts430_eabi.lib</file>
         <name>memcpy.c.obj</name>
      </input_file>
      <input_file id="fl-3e">
         <path>C:\ti\ccs1011\ccs\tools\compiler\ti-cgt-msp430_20.2.1.LTS\lib\</path>
         <kind>archive</kind>
         <file>rts430_eabi.lib</file>
         <name>epilog.asm.obj</name>
      </input_file>
      <input_file id="fl-3f">
         <path>C:\ti\ccs1011\ccs\tools\compiler\ti-cgt-msp430_20.2.1.LTS\lib\</path>
         <kind>archive</kind>
         <file>rts430_eabi.lib</file>
         <name>lsl16.asm.obj</name>
      </input_file>
      <input_file id="fl-40">
         <path>C:\ti\ccs1011\ccs\tools\compiler\ti-cgt-msp430_20.2.1.LTS\lib\</path>
         <kind>archive</kind>
         <file>rts430_eabi.lib</file>
         <name>lsr16.asm.obj</name>
      </input_file>
      <input_file id="fl-41">
         <path>C:\ti\ccs1011\ccs\tools\compiler\ti-cgt-msp430_20.2.1.LTS\lib\</path>
         <kind>archive</kind>
         <file>rts430_eabi.lib</file>
         <name>exit_gvars.c.obj</name>
      </input_file>
   </input_file_list>
   <object_component_list>
      <object_component id="oc-239">
         <name>.common:g_display_config</name>
         <uninitialized>true</uninitialized>
         <run_address>0x350</run_address>
         <size>0x6</size>
      </object_component>
      <object_component id="oc-199">
         <name>.common:g_uptime</name>
         <uninitialized>true</uninitialized>
         <run_address>0x356</run_address>
         <size>0x4</size>
      </object_component>
      <object_component id="oc-1b3">
         <name>.common:display</name>
         <uninitialized>true</uninitialized>
         <run_address>0x340</run_address>
         <size>0x10</size>
      </object_component>
      <object_component id="oc-1ba">
         <name>.common:ui</name>
         <uninitialized>true</uninitialized>
         <run_address>0x32c</run_address>
         <size>0x14</size>
      </object_component>
      <object_component id="oc-185">
         <name>.common:buttons</name>
         <uninitialized>true</uninitialized>
         <run_address>0x200</run_address>
         <size>0xc8</size>
      </object_component>
      <object_component id="oc-24e">
         <name>.common:neopixel_leds</name>
         <uninitialized>true</uninitialized>
         <run_address>0x2c8</run_address>
         <size>0x64</size>
      </object_component>
      <object_component id="oc-188">
         <name>.data</name>
         <load_address>0x35c</load_address>
         <run_address>0x35c</run_address>
         <size>0x1</size>
         <input_file_ref idref="fl-4"/>
      </object_component>
      <object_component id="oc-191">
         <name>.data</name>
         <load_address>0x35a</load_address>
         <run_address>0x35a</run_address>
         <size>0x2</size>
         <input_file_ref idref="fl-6"/>
      </object_component>
      <object_component id="oc-ac">
         <name>.stack</name>
         <uninitialized>true</uninitialized>
         <run_address>0x3b0</run_address>
         <size>0x2</size>
         <input_file_ref idref="fl-31"/>
      </object_component>
      <object_component id="oc-323">
         <name>.stack</name>
         <uninitialized>true</uninitialized>
         <run_address>0x3b0</run_address>
         <size>0x0</size>
      </object_component>
      <object_component id="oc-15b">
         <name>.text:main</name>
         <load_address>0xe000</load_address>
         <run_address>0xe000</run_address>
         <size>0x8c</size>
         <input_file_ref idref="fl-2"/>
      </object_component>
      <object_component id="oc-33">
         <name>.text:decompress:lzss:__TI_decompress_lzss</name>
         <load_address>0xe08c</load_address>
         <run_address>0xe08c</run_address>
         <size>0x7c</size>
         <input_file_ref idref="fl-39"/>
      </object_component>
      <object_component id="oc-259">
         <name>.text:ShowChannel</name>
         <load_address>0xe108</load_address>
         <run_address>0xe108</run_address>
         <size>0x64</size>
         <input_file_ref idref="fl-5"/>
      </object_component>
      <object_component id="oc-1ad">
         <name>.text:display_init</name>
         <load_address>0xe16c</load_address>
         <run_address>0xe16c</run_address>
         <size>0x5c</size>
         <input_file_ref idref="fl-3"/>
      </object_component>
      <object_component id="oc-1c7">
         <name>.text:neopixel_Show</name>
         <load_address>0xe1c8</load_address>
         <run_address>0xe1c8</run_address>
         <size>0x5c</size>
         <input_file_ref idref="fl-5"/>
      </object_component>
      <object_component id="oc-13e">
         <name>.text:update_press_from_interrupt</name>
         <load_address>0xe224</load_address>
         <run_address>0xe224</run_address>
         <size>0x5a</size>
         <input_file_ref idref="fl-4"/>
      </object_component>
      <object_component id="oc-b5">
         <name>.text</name>
         <load_address>0xe27e</load_address>
         <run_address>0xe27e</run_address>
         <size>0x4c</size>
         <input_file_ref idref="fl-40"/>
      </object_component>
      <object_component id="oc-1a1">
         <name>.text:clock_init</name>
         <load_address>0xe2ca</load_address>
         <run_address>0xe2ca</run_address>
         <size>0x4a</size>
         <input_file_ref idref="fl-6"/>
      </object_component>
      <object_component id="oc-1c1">
         <name>.text:neopixel_Clear</name>
         <load_address>0xe314</load_address>
         <run_address>0xe314</run_address>
         <size>0x4a</size>
         <input_file_ref idref="fl-5"/>
      </object_component>
      <object_component id="oc-23c">
         <name>.text:display_write_config</name>
         <load_address>0xe35e</load_address>
         <run_address>0xe35e</run_address>
         <size>0x46</size>
         <input_file_ref idref="fl-3"/>
      </object_component>
      <object_component id="oc-1df">
         <name>.text:__TI_auto_init_nobinit_nopinit:__TI_auto_init_nobinit_nopinit</name>
         <load_address>0xe3a4</load_address>
         <run_address>0xe3a4</run_address>
         <size>0x42</size>
         <input_file_ref idref="fl-32"/>
      </object_component>
      <object_component id="oc-295">
         <name>.text:spi_Write_Reg</name>
         <load_address>0xe3e6</load_address>
         <run_address>0xe3e6</run_address>
         <size>0x3a</size>
         <input_file_ref idref="fl-3"/>
      </object_component>
      <object_component id="oc-243">
         <name>.text:display_show_all_digits</name>
         <load_address>0xe420</load_address>
         <run_address>0xe420</run_address>
         <size>0x32</size>
         <input_file_ref idref="fl-3"/>
      </object_component>
      <object_component id="oc-1b4">
         <name>.text:display_off</name>
         <load_address>0xe452</load_address>
         <run_address>0xe452</run_address>
         <size>0x30</size>
         <input_file_ref idref="fl-3"/>
      </object_component>
      <object_component id="oc-e2">
         <name>.text:Timer_A</name>
         <load_address>0xe482</load_address>
         <run_address>0xe482</run_address>
         <size>0x2e</size>
         <input_file_ref idref="fl-6"/>
      </object_component>
      <object_component id="oc-2a2">
         <name>.text</name>
         <load_address>0xe4b0</load_address>
         <run_address>0xe4b0</run_address>
         <size>0x2c</size>
         <input_file_ref idref="fl-22"/>
      </object_component>
      <object_component id="oc-b0">
         <name>.text</name>
         <load_address>0xe4dc</load_address>
         <run_address>0xe4dc</run_address>
         <size>0x2c</size>
         <input_file_ref idref="fl-3f"/>
      </object_component>
      <object_component id="oc-1bb">
         <name>.text:buttons_check</name>
         <load_address>0xe508</load_address>
         <run_address>0xe508</run_address>
         <size>0x2a</size>
         <input_file_ref idref="fl-4"/>
      </object_component>
      <object_component id="oc-145">
         <name>.text:rtc_tick</name>
         <load_address>0xe532</load_address>
         <run_address>0xe532</run_address>
         <size>0x28</size>
         <input_file_ref idref="fl-6"/>
      </object_component>
      <object_component id="oc-252">
         <name>.text:delay_us</name>
         <load_address>0xe55a</load_address>
         <run_address>0xe55a</run_address>
         <size>0x26</size>
         <input_file_ref idref="fl-7"/>
      </object_component>
      <object_component id="oc-dc">
         <name>.text:Port_2</name>
         <load_address>0xe580</load_address>
         <run_address>0xe580</run_address>
         <size>0x20</size>
         <input_file_ref idref="fl-4"/>
      </object_component>
      <object_component id="oc-fa">
         <name>.text:_c_int00_noargs</name>
         <load_address>0xe5a0</load_address>
         <run_address>0xe5a0</run_address>
         <size>0x1c</size>
         <input_file_ref idref="fl-31"/>
      </object_component>
      <object_component id="oc-1a7">
         <name>.text:neopixel_Init</name>
         <load_address>0xe5bc</load_address>
         <run_address>0xe5bc</run_address>
         <size>0x1c</size>
         <input_file_ref idref="fl-5"/>
      </object_component>
      <object_component id="oc-194">
         <name>.text</name>
         <load_address>0xe5d8</load_address>
         <run_address>0xe5d8</run_address>
         <size>0x16</size>
         <input_file_ref idref="fl-23"/>
      </object_component>
      <object_component id="oc-e8">
         <name>.text:decompress:ZI:__TI_zero_init_nomemset:__TI_zero_init_nomemset</name>
         <load_address>0xe5ee</load_address>
         <run_address>0xe5ee</run_address>
         <size>0x14</size>
         <input_file_ref idref="fl-33"/>
      </object_component>
      <object_component id="oc-180">
         <name>.text</name>
         <load_address>0xe602</load_address>
         <run_address>0xe602</run_address>
         <size>0x14</size>
         <input_file_ref idref="fl-30"/>
      </object_component>
      <object_component id="oc-39">
         <name>.text:decompress:none:__TI_decompress_none</name>
         <load_address>0xe616</load_address>
         <run_address>0xe616</run_address>
         <size>0x12</size>
         <input_file_ref idref="fl-38"/>
      </object_component>
      <object_component id="oc-ca">
         <name>.text:memcpy</name>
         <load_address>0xe628</load_address>
         <run_address>0xe628</run_address>
         <size>0x12</size>
         <input_file_ref idref="fl-3d"/>
      </object_component>
      <object_component id="oc-ba">
         <name>.text</name>
         <load_address>0xe63a</load_address>
         <run_address>0xe63a</run_address>
         <size>0x10</size>
         <input_file_ref idref="fl-3e"/>
      </object_component>
      <object_component id="oc-d7">
         <name>.text:_isr:__TI_ISR_TRAP</name>
         <load_address>0xe64a</load_address>
         <run_address>0xe64a</run_address>
         <size>0x8</size>
         <input_file_ref idref="fl-2f"/>
      </object_component>
      <object_component id="oc-1d3">
         <name>.text:abort</name>
         <load_address>0xe652</load_address>
         <run_address>0xe652</run_address>
         <size>0x6</size>
         <input_file_ref idref="fl-3a"/>
      </object_component>
      <object_component id="oc-155">
         <name>.text:_system_pre_init</name>
         <load_address>0xe658</load_address>
         <run_address>0xe658</run_address>
         <size>0x4</size>
         <input_file_ref idref="fl-36"/>
      </object_component>
      <object_component id="oc-272">
         <name>.text:_system_post_cinit</name>
         <load_address>0xe65c</load_address>
         <run_address>0xe65c</run_address>
         <size>0x2</size>
         <input_file_ref idref="fl-37"/>
      </object_component>
      <object_component id="oc-322">
         <name>.cinit..data.load</name>
         <load_address>0xe662</load_address>
         <run_address>0xe662</run_address>
         <size>0x7</size>
      </object_component>
      <object_component id="oc-31f">
         <name>__TI_handler_table</name>
         <load_address>0xe66a</load_address>
         <run_address>0xe66a</run_address>
         <size>0x6</size>
      </object_component>
      <object_component id="oc-321">
         <name>.cinit..bss.load</name>
         <load_address>0xe670</load_address>
         <run_address>0xe670</run_address>
         <size>0x4</size>
      </object_component>
      <object_component id="oc-320">
         <name>__TI_cinit_table</name>
         <load_address>0xe674</load_address>
         <run_address>0xe674</run_address>
         <size>0x8</size>
      </object_component>
      <object_component id="oc-24b">
         <name>.const:$P$T1$1</name>
         <load_address>0xe65e</load_address>
         <run_address>0xe65e</run_address>
         <size>0x3</size>
         <input_file_ref idref="fl-5"/>
      </object_component>
      <object_component id="oc-2e1">
         <name>.binit</name>
         <load_address>0xe000</load_address>
         <run_address>0xe000</run_address>
         <size>0x0</size>
      </object_component>
      <object_component id="oc-3f">
         <name>.int00</name>
         <load_address>0xffe0</load_address>
         <run_address>0xffe0</run_address>
         <size>0x2</size>
         <input_file_ref idref="fl-25"/>
      </object_component>
      <object_component id="oc-40">
         <name>.int02</name>
         <load_address>0xffe4</load_address>
         <run_address>0xffe4</run_address>
         <size>0x2</size>
         <input_file_ref idref="fl-26"/>
      </object_component>
      <object_component id="oc-41">
         <name>.int03</name>
         <load_address>0xffe6</load_address>
         <run_address>0xffe6</run_address>
         <size>0x2</size>
         <input_file_ref idref="fl-4"/>
      </object_component>
      <object_component id="oc-42">
         <name>.int05</name>
         <load_address>0xffea</load_address>
         <run_address>0xffea</run_address>
         <size>0x2</size>
         <input_file_ref idref="fl-27"/>
      </object_component>
      <object_component id="oc-43">
         <name>.int06</name>
         <load_address>0xffec</load_address>
         <run_address>0xffec</run_address>
         <size>0x2</size>
         <input_file_ref idref="fl-28"/>
      </object_component>
      <object_component id="oc-44">
         <name>.int07</name>
         <load_address>0xffee</load_address>
         <run_address>0xffee</run_address>
         <size>0x2</size>
         <input_file_ref idref="fl-29"/>
      </object_component>
      <object_component id="oc-45">
         <name>.int08</name>
         <load_address>0xfff0</load_address>
         <run_address>0xfff0</run_address>
         <size>0x2</size>
         <input_file_ref idref="fl-2a"/>
      </object_component>
      <object_component id="oc-46">
         <name>.int09</name>
         <load_address>0xfff2</load_address>
         <run_address>0xfff2</run_address>
         <size>0x2</size>
         <input_file_ref idref="fl-6"/>
      </object_component>
      <object_component id="oc-47">
         <name>.int10</name>
         <load_address>0xfff4</load_address>
         <run_address>0xfff4</run_address>
         <size>0x2</size>
         <input_file_ref idref="fl-2b"/>
      </object_component>
      <object_component id="oc-48">
         <name>.int12</name>
         <load_address>0xfff8</load_address>
         <run_address>0xfff8</run_address>
         <size>0x2</size>
         <input_file_ref idref="fl-2c"/>
      </object_component>
      <object_component id="oc-49">
         <name>.int13</name>
         <load_address>0xfffa</load_address>
         <run_address>0xfffa</run_address>
         <size>0x2</size>
         <input_file_ref idref="fl-2d"/>
      </object_component>
      <object_component id="oc-4a">
         <name>.int14</name>
         <load_address>0xfffc</load_address>
         <run_address>0xfffc</run_address>
         <size>0x2</size>
         <input_file_ref idref="fl-2e"/>
      </object_component>
      <object_component id="oc-af">
         <name>.reset</name>
         <load_address>0xfffe</load_address>
         <run_address>0xfffe</run_address>
         <size>0x2</size>
         <input_file_ref idref="fl-31"/>
      </object_component>
      <object_component id="oc-19a">
         <name>.debug_info</name>
         <load_address>0x0</load_address>
         <run_address>0x0</run_address>
         <size>0x2f6</size>
         <input_file_ref idref="fl-2"/>
      </object_component>
      <object_component id="oc-15d">
         <name>.debug_info</name>
         <load_address>0x2f6</load_address>
         <run_address>0x2f6</run_address>
         <size>0x1ce</size>
         <input_file_ref idref="fl-2"/>
      </object_component>
      <object_component id="oc-22b">
         <name>.debug_info</name>
         <load_address>0x4c4</load_address>
         <run_address>0x4c4</run_address>
         <size>0x267</size>
         <input_file_ref idref="fl-2"/>
      </object_component>
      <object_component id="oc-230">
         <name>.debug_info</name>
         <load_address>0x72b</load_address>
         <run_address>0x72b</run_address>
         <size>0x1d2</size>
         <input_file_ref idref="fl-2"/>
      </object_component>
      <object_component id="oc-1ce">
         <name>.debug_info</name>
         <load_address>0x8fd</load_address>
         <run_address>0x8fd</run_address>
         <size>0x1e6</size>
         <input_file_ref idref="fl-2"/>
      </object_component>
      <object_component id="oc-21a">
         <name>.debug_info</name>
         <load_address>0xae3</load_address>
         <run_address>0xae3</run_address>
         <size>0x26b</size>
         <input_file_ref idref="fl-2"/>
      </object_component>
      <object_component id="oc-215">
         <name>.debug_info</name>
         <load_address>0xd4e</load_address>
         <run_address>0xd4e</run_address>
         <size>0x72</size>
         <input_file_ref idref="fl-2"/>
      </object_component>
      <object_component id="oc-c5">
         <name>.debug_info</name>
         <load_address>0xdc0</load_address>
         <run_address>0xdc0</run_address>
         <size>0x84</size>
         <input_file_ref idref="fl-2"/>
      </object_component>
      <object_component id="oc-221">
         <name>.debug_info</name>
         <load_address>0xe44</load_address>
         <run_address>0xe44</run_address>
         <size>0x282</size>
         <input_file_ref idref="fl-2"/>
      </object_component>
      <object_component id="oc-18c">
         <name>.debug_info</name>
         <load_address>0x10c6</load_address>
         <run_address>0x10c6</run_address>
         <size>0xbb</size>
         <input_file_ref idref="fl-2"/>
      </object_component>
      <object_component id="oc-23a">
         <name>.debug_info</name>
         <load_address>0x1181</load_address>
         <run_address>0x1181</run_address>
         <size>0x2ff</size>
         <input_file_ref idref="fl-3"/>
      </object_component>
      <object_component id="oc-1b1">
         <name>.debug_info</name>
         <load_address>0x1480</load_address>
         <run_address>0x1480</run_address>
         <size>0x155</size>
         <input_file_ref idref="fl-3"/>
      </object_component>
      <object_component id="oc-298">
         <name>.debug_info</name>
         <load_address>0x15d5</load_address>
         <run_address>0x15d5</run_address>
         <size>0x191</size>
         <input_file_ref idref="fl-3"/>
      </object_component>
      <object_component id="oc-23e">
         <name>.debug_info</name>
         <load_address>0x1766</load_address>
         <run_address>0x1766</run_address>
         <size>0x1e8</size>
         <input_file_ref idref="fl-3"/>
      </object_component>
      <object_component id="oc-247">
         <name>.debug_info</name>
         <load_address>0x194e</load_address>
         <run_address>0x194e</run_address>
         <size>0x1a1</size>
         <input_file_ref idref="fl-3"/>
      </object_component>
      <object_component id="oc-1b5">
         <name>.debug_info</name>
         <load_address>0x1aef</load_address>
         <run_address>0x1aef</run_address>
         <size>0x193</size>
         <input_file_ref idref="fl-3"/>
      </object_component>
      <object_component id="oc-186">
         <name>.debug_info</name>
         <load_address>0x1c82</load_address>
         <run_address>0x1c82</run_address>
         <size>0x300</size>
         <input_file_ref idref="fl-4"/>
      </object_component>
      <object_component id="oc-189">
         <name>.debug_info</name>
         <load_address>0x1f82</load_address>
         <run_address>0x1f82</run_address>
         <size>0x100</size>
         <input_file_ref idref="fl-4"/>
      </object_component>
      <object_component id="oc-141">
         <name>.debug_info</name>
         <load_address>0x2082</load_address>
         <run_address>0x2082</run_address>
         <size>0x1fc</size>
         <input_file_ref idref="fl-4"/>
      </object_component>
      <object_component id="oc-1be">
         <name>.debug_info</name>
         <load_address>0x227e</load_address>
         <run_address>0x227e</run_address>
         <size>0x170</size>
         <input_file_ref idref="fl-4"/>
      </object_component>
      <object_component id="oc-dd">
         <name>.debug_info</name>
         <load_address>0x23ee</load_address>
         <run_address>0x23ee</run_address>
         <size>0x15d</size>
         <input_file_ref idref="fl-4"/>
      </object_component>
      <object_component id="oc-24f">
         <name>.debug_info</name>
         <load_address>0x254b</load_address>
         <run_address>0x254b</run_address>
         <size>0x21c</size>
         <input_file_ref idref="fl-5"/>
      </object_component>
      <object_component id="oc-24c">
         <name>.debug_info</name>
         <load_address>0x2767</load_address>
         <run_address>0x2767</run_address>
         <size>0xe8</size>
         <input_file_ref idref="fl-5"/>
      </object_component>
      <object_component id="oc-25b">
         <name>.debug_info</name>
         <load_address>0x284f</load_address>
         <run_address>0x284f</run_address>
         <size>0x181</size>
         <input_file_ref idref="fl-5"/>
      </object_component>
      <object_component id="oc-1ab">
         <name>.debug_info</name>
         <load_address>0x29d0</load_address>
         <run_address>0x29d0</run_address>
         <size>0x168</size>
         <input_file_ref idref="fl-5"/>
      </object_component>
      <object_component id="oc-1c3">
         <name>.debug_info</name>
         <load_address>0x2b38</load_address>
         <run_address>0x2b38</run_address>
         <size>0x197</size>
         <input_file_ref idref="fl-5"/>
      </object_component>
      <object_component id="oc-1cb">
         <name>.debug_info</name>
         <load_address>0x2ccf</load_address>
         <run_address>0x2ccf</run_address>
         <size>0x190</size>
         <input_file_ref idref="fl-5"/>
      </object_component>
      <object_component id="oc-19c">
         <name>.debug_info</name>
         <load_address>0x2e5f</load_address>
         <run_address>0x2e5f</run_address>
         <size>0x394</size>
         <input_file_ref idref="fl-6"/>
      </object_component>
      <object_component id="oc-192">
         <name>.debug_info</name>
         <load_address>0x31f3</load_address>
         <run_address>0x31f3</run_address>
         <size>0xf2</size>
         <input_file_ref idref="fl-6"/>
      </object_component>
      <object_component id="oc-147">
         <name>.debug_info</name>
         <load_address>0x32e5</load_address>
         <run_address>0x32e5</run_address>
         <size>0x134</size>
         <input_file_ref idref="fl-6"/>
      </object_component>
      <object_component id="oc-1a4">
         <name>.debug_info</name>
         <load_address>0x3419</load_address>
         <run_address>0x3419</run_address>
         <size>0x124</size>
         <input_file_ref idref="fl-6"/>
      </object_component>
      <object_component id="oc-e5">
         <name>.debug_info</name>
         <load_address>0x353d</load_address>
         <run_address>0x353d</run_address>
         <size>0x150</size>
         <input_file_ref idref="fl-6"/>
      </object_component>
      <object_component id="oc-2a1">
         <name>.debug_info</name>
         <load_address>0x368d</load_address>
         <run_address>0x368d</run_address>
         <size>0x13a</size>
         <input_file_ref idref="fl-7"/>
      </object_component>
      <object_component id="oc-254">
         <name>.debug_info</name>
         <load_address>0x37c7</load_address>
         <run_address>0x37c7</run_address>
         <size>0x137</size>
         <input_file_ref idref="fl-7"/>
      </object_component>
      <object_component id="oc-2a3">
         <name>.debug_info</name>
         <load_address>0x38fe</load_address>
         <run_address>0x38fe</run_address>
         <size>0x120</size>
         <input_file_ref idref="fl-22"/>
      </object_component>
      <object_component id="oc-196">
         <name>.debug_info</name>
         <load_address>0x3a1e</load_address>
         <run_address>0x3a1e</run_address>
         <size>0x121</size>
         <input_file_ref idref="fl-23"/>
      </object_component>
      <object_component id="oc-d9">
         <name>.debug_info</name>
         <load_address>0x3b3f</load_address>
         <run_address>0x3b3f</run_address>
         <size>0x10f</size>
         <input_file_ref idref="fl-2f"/>
      </object_component>
      <object_component id="oc-181">
         <name>.debug_info</name>
         <load_address>0x3c4e</load_address>
         <run_address>0x3c4e</run_address>
         <size>0x121</size>
         <input_file_ref idref="fl-30"/>
      </object_component>
      <object_component id="oc-ad">
         <name>.debug_info</name>
         <load_address>0x3d6f</load_address>
         <run_address>0x3d6f</run_address>
         <size>0x100</size>
         <input_file_ref idref="fl-31"/>
      </object_component>
      <object_component id="oc-fc">
         <name>.debug_info</name>
         <load_address>0x3e6f</load_address>
         <run_address>0x3e6f</run_address>
         <size>0x17a</size>
         <input_file_ref idref="fl-31"/>
      </object_component>
      <object_component id="oc-279">
         <name>.debug_info</name>
         <load_address>0x3fe9</load_address>
         <run_address>0x3fe9</run_address>
         <size>0x3de</size>
         <input_file_ref idref="fl-32"/>
      </object_component>
      <object_component id="oc-1e0">
         <name>.debug_info</name>
         <load_address>0x43c7</load_address>
         <run_address>0x43c7</run_address>
         <size>0x1e0</size>
         <input_file_ref idref="fl-32"/>
      </object_component>
      <object_component id="oc-2bf">
         <name>.debug_info</name>
         <load_address>0x45a7</load_address>
         <run_address>0x45a7</run_address>
         <size>0x39</size>
         <input_file_ref idref="fl-32"/>
      </object_component>
      <object_component id="oc-2cb">
         <name>.debug_info</name>
         <load_address>0x45e0</load_address>
         <run_address>0x45e0</run_address>
         <size>0x2c</size>
         <input_file_ref idref="fl-32"/>
      </object_component>
      <object_component id="oc-284">
         <name>.debug_info</name>
         <load_address>0x460c</load_address>
         <run_address>0x460c</run_address>
         <size>0x2c</size>
         <input_file_ref idref="fl-32"/>
      </object_component>
      <object_component id="oc-2c4">
         <name>.debug_info</name>
         <load_address>0x4638</load_address>
         <run_address>0x4638</run_address>
         <size>0xcd</size>
         <input_file_ref idref="fl-32"/>
      </object_component>
      <object_component id="oc-153">
         <name>.debug_info</name>
         <load_address>0x4705</load_address>
         <run_address>0x4705</run_address>
         <size>0x175</size>
         <input_file_ref idref="fl-33"/>
      </object_component>
      <object_component id="oc-e9">
         <name>.debug_info</name>
         <load_address>0x487a</load_address>
         <run_address>0x487a</run_address>
         <size>0x1d2</size>
         <input_file_ref idref="fl-33"/>
      </object_component>
      <object_component id="oc-14e">
         <name>.debug_info</name>
         <load_address>0x4a4c</load_address>
         <run_address>0x4a4c</run_address>
         <size>0x46</size>
         <input_file_ref idref="fl-33"/>
      </object_component>
      <object_component id="oc-131">
         <name>.debug_info</name>
         <load_address>0x4a92</load_address>
         <run_address>0x4a92</run_address>
         <size>0x2c</size>
         <input_file_ref idref="fl-33"/>
      </object_component>
      <object_component id="oc-157">
         <name>.debug_info</name>
         <load_address>0x4abe</load_address>
         <run_address>0x4abe</run_address>
         <size>0x153</size>
         <input_file_ref idref="fl-36"/>
      </object_component>
      <object_component id="oc-274">
         <name>.debug_info</name>
         <load_address>0x4c11</load_address>
         <run_address>0x4c11</run_address>
         <size>0x150</size>
         <input_file_ref idref="fl-37"/>
      </object_component>
      <object_component id="oc-d6">
         <name>.debug_info</name>
         <load_address>0x4d61</load_address>
         <run_address>0x4d61</run_address>
         <size>0x180</size>
         <input_file_ref idref="fl-38"/>
      </object_component>
      <object_component id="oc-3a">
         <name>.debug_info</name>
         <load_address>0x4ee1</load_address>
         <run_address>0x4ee1</run_address>
         <size>0x1ea</size>
         <input_file_ref idref="fl-38"/>
      </object_component>
      <object_component id="oc-d1">
         <name>.debug_info</name>
         <load_address>0x50cb</load_address>
         <run_address>0x50cb</run_address>
         <size>0x46</size>
         <input_file_ref idref="fl-38"/>
      </object_component>
      <object_component id="oc-136">
         <name>.debug_info</name>
         <load_address>0x5111</load_address>
         <run_address>0x5111</run_address>
         <size>0x2c</size>
         <input_file_ref idref="fl-38"/>
      </object_component>
      <object_component id="oc-12e">
         <name>.debug_info</name>
         <load_address>0x513d</load_address>
         <run_address>0x513d</run_address>
         <size>0x176</size>
         <input_file_ref idref="fl-39"/>
      </object_component>
      <object_component id="oc-34">
         <name>.debug_info</name>
         <load_address>0x52b3</load_address>
         <run_address>0x52b3</run_address>
         <size>0x292</size>
         <input_file_ref idref="fl-39"/>
      </object_component>
      <object_component id="oc-c0">
         <name>.debug_info</name>
         <load_address>0x5545</load_address>
         <run_address>0x5545</run_address>
         <size>0x60</size>
         <input_file_ref idref="fl-39"/>
      </object_component>
      <object_component id="oc-177">
         <name>.debug_info</name>
         <load_address>0x55a5</load_address>
         <run_address>0x55a5</run_address>
         <size>0x46</size>
         <input_file_ref idref="fl-39"/>
      </object_component>
      <object_component id="oc-129">
         <name>.debug_info</name>
         <load_address>0x55eb</load_address>
         <run_address>0x55eb</run_address>
         <size>0x39</size>
         <input_file_ref idref="fl-39"/>
      </object_component>
      <object_component id="oc-1d4">
         <name>.debug_info</name>
         <load_address>0x5624</load_address>
         <run_address>0x5624</run_address>
         <size>0x122</size>
         <input_file_ref idref="fl-3a"/>
      </object_component>
      <object_component id="oc-130">
         <name>.debug_info</name>
         <load_address>0x5746</load_address>
         <run_address>0x5746</run_address>
         <size>0x181</size>
         <input_file_ref idref="fl-3d"/>
      </object_component>
      <object_component id="oc-cb">
         <name>.debug_info</name>
         <load_address>0x58c7</load_address>
         <run_address>0x58c7</run_address>
         <size>0x17a</size>
         <input_file_ref idref="fl-3d"/>
      </object_component>
      <object_component id="oc-bc">
         <name>.debug_info</name>
         <load_address>0x5a41</load_address>
         <run_address>0x5a41</run_address>
         <size>0x12e</size>
         <input_file_ref idref="fl-3e"/>
      </object_component>
      <object_component id="oc-b2">
         <name>.debug_info</name>
         <load_address>0x5b6f</load_address>
         <run_address>0x5b6f</run_address>
         <size>0x120</size>
         <input_file_ref idref="fl-3f"/>
      </object_component>
      <object_component id="oc-b7">
         <name>.debug_info</name>
         <load_address>0x5c8f</load_address>
         <run_address>0x5c8f</run_address>
         <size>0x120</size>
         <input_file_ref idref="fl-40"/>
      </object_component>
      <object_component id="oc-324">
         <name>.debug_info</name>
         <load_address>0x5daf</load_address>
         <run_address>0x5daf</run_address>
         <size>0xaa</size>
      </object_component>
      <object_component id="oc-22a">
         <name>.debug_line</name>
         <load_address>0x0</load_address>
         <run_address>0x0</run_address>
         <size>0xb7</size>
         <input_file_ref idref="fl-2"/>
      </object_component>
      <object_component id="oc-160">
         <name>.debug_line</name>
         <load_address>0xb7</load_address>
         <run_address>0xb7</run_address>
         <size>0x65</size>
         <input_file_ref idref="fl-2"/>
      </object_component>
      <object_component id="oc-22e">
         <name>.debug_line</name>
         <load_address>0x11c</load_address>
         <run_address>0x11c</run_address>
         <size>0x3c</size>
         <input_file_ref idref="fl-2"/>
      </object_component>
      <object_component id="oc-233">
         <name>.debug_line</name>
         <load_address>0x158</load_address>
         <run_address>0x158</run_address>
         <size>0x2d</size>
         <input_file_ref idref="fl-2"/>
      </object_component>
      <object_component id="oc-1d1">
         <name>.debug_line</name>
         <load_address>0x185</load_address>
         <run_address>0x185</run_address>
         <size>0x40</size>
         <input_file_ref idref="fl-2"/>
      </object_component>
      <object_component id="oc-21d">
         <name>.debug_line</name>
         <load_address>0x1c5</load_address>
         <run_address>0x1c5</run_address>
         <size>0x72</size>
         <input_file_ref idref="fl-2"/>
      </object_component>
      <object_component id="oc-218">
         <name>.debug_line</name>
         <load_address>0x237</load_address>
         <run_address>0x237</run_address>
         <size>0x48</size>
         <input_file_ref idref="fl-2"/>
      </object_component>
      <object_component id="oc-c8">
         <name>.debug_line</name>
         <load_address>0x27f</load_address>
         <run_address>0x27f</run_address>
         <size>0x20</size>
         <input_file_ref idref="fl-2"/>
      </object_component>
      <object_component id="oc-224">
         <name>.debug_line</name>
         <load_address>0x29f</load_address>
         <run_address>0x29f</run_address>
         <size>0x76</size>
         <input_file_ref idref="fl-2"/>
      </object_component>
      <object_component id="oc-18f">
         <name>.debug_line</name>
         <load_address>0x315</load_address>
         <run_address>0x315</run_address>
         <size>0x73</size>
         <input_file_ref idref="fl-2"/>
      </object_component>
      <object_component id="oc-294">
         <name>.debug_line</name>
         <load_address>0x388</load_address>
         <run_address>0x388</run_address>
         <size>0xa6</size>
         <input_file_ref idref="fl-3"/>
      </object_component>
      <object_component id="oc-1ae">
         <name>.debug_line</name>
         <load_address>0x42e</load_address>
         <run_address>0x42e</run_address>
         <size>0x60</size>
         <input_file_ref idref="fl-3"/>
      </object_component>
      <object_component id="oc-29a">
         <name>.debug_line</name>
         <load_address>0x48e</load_address>
         <run_address>0x48e</run_address>
         <size>0x62</size>
         <input_file_ref idref="fl-3"/>
      </object_component>
      <object_component id="oc-240">
         <name>.debug_line</name>
         <load_address>0x4f0</load_address>
         <run_address>0x4f0</run_address>
         <size>0x54</size>
         <input_file_ref idref="fl-3"/>
      </object_component>
      <object_component id="oc-246">
         <name>.debug_line</name>
         <load_address>0x544</load_address>
         <run_address>0x544</run_address>
         <size>0x5d</size>
         <input_file_ref idref="fl-3"/>
      </object_component>
      <object_component id="oc-1b9">
         <name>.debug_line</name>
         <load_address>0x5a1</load_address>
         <run_address>0x5a1</run_address>
         <size>0x61</size>
         <input_file_ref idref="fl-3"/>
      </object_component>
      <object_component id="oc-214">
         <name>.debug_line</name>
         <load_address>0x602</load_address>
         <run_address>0x602</run_address>
         <size>0x9f</size>
         <input_file_ref idref="fl-4"/>
      </object_component>
      <object_component id="oc-220">
         <name>.debug_line</name>
         <load_address>0x6a1</load_address>
         <run_address>0x6a1</run_address>
         <size>0x40</size>
         <input_file_ref idref="fl-4"/>
      </object_component>
      <object_component id="oc-140">
         <name>.debug_line</name>
         <load_address>0x6e1</load_address>
         <run_address>0x6e1</run_address>
         <size>0x6c</size>
         <input_file_ref idref="fl-4"/>
      </object_component>
      <object_component id="oc-1bc">
         <name>.debug_line</name>
         <load_address>0x74d</load_address>
         <run_address>0x74d</run_address>
         <size>0x60</size>
         <input_file_ref idref="fl-4"/>
      </object_component>
      <object_component id="oc-e0">
         <name>.debug_line</name>
         <load_address>0x7ad</load_address>
         <run_address>0x7ad</run_address>
         <size>0x56</size>
         <input_file_ref idref="fl-4"/>
      </object_component>
      <object_component id="oc-2a0">
         <name>.debug_line</name>
         <load_address>0x803</load_address>
         <run_address>0x803</run_address>
         <size>0xa7</size>
         <input_file_ref idref="fl-5"/>
      </object_component>
      <object_component id="oc-29e">
         <name>.debug_line</name>
         <load_address>0x8aa</load_address>
         <run_address>0x8aa</run_address>
         <size>0x3d</size>
         <input_file_ref idref="fl-5"/>
      </object_component>
      <object_component id="oc-25d">
         <name>.debug_line</name>
         <load_address>0x8e7</load_address>
         <run_address>0x8e7</run_address>
         <size>0x62</size>
         <input_file_ref idref="fl-5"/>
      </object_component>
      <object_component id="oc-1aa">
         <name>.debug_line</name>
         <load_address>0x949</load_address>
         <run_address>0x949</run_address>
         <size>0x54</size>
         <input_file_ref idref="fl-5"/>
      </object_component>
      <object_component id="oc-1c5">
         <name>.debug_line</name>
         <load_address>0x99d</load_address>
         <run_address>0x99d</run_address>
         <size>0x5e</size>
         <input_file_ref idref="fl-5"/>
      </object_component>
      <object_component id="oc-1c9">
         <name>.debug_line</name>
         <load_address>0x9fb</load_address>
         <run_address>0x9fb</run_address>
         <size>0x63</size>
         <input_file_ref idref="fl-5"/>
      </object_component>
      <object_component id="oc-236">
         <name>.debug_line</name>
         <load_address>0xa5e</load_address>
         <run_address>0xa5e</run_address>
         <size>0x87</size>
         <input_file_ref idref="fl-6"/>
      </object_component>
      <object_component id="oc-227">
         <name>.debug_line</name>
         <load_address>0xae5</load_address>
         <run_address>0xae5</run_address>
         <size>0x36</size>
         <input_file_ref idref="fl-6"/>
      </object_component>
      <object_component id="oc-14a">
         <name>.debug_line</name>
         <load_address>0xb1b</load_address>
         <run_address>0xb1b</run_address>
         <size>0x51</size>
         <input_file_ref idref="fl-6"/>
      </object_component>
      <object_component id="oc-1a6">
         <name>.debug_line</name>
         <load_address>0xb6c</load_address>
         <run_address>0xb6c</run_address>
         <size>0x59</size>
         <input_file_ref idref="fl-6"/>
      </object_component>
      <object_component id="oc-e4">
         <name>.debug_line</name>
         <load_address>0xbc5</load_address>
         <run_address>0xbc5</run_address>
         <size>0x50</size>
         <input_file_ref idref="fl-6"/>
      </object_component>
      <object_component id="oc-2d2">
         <name>.debug_line</name>
         <load_address>0xc15</load_address>
         <run_address>0xc15</run_address>
         <size>0x20</size>
         <input_file_ref idref="fl-7"/>
      </object_component>
      <object_component id="oc-257">
         <name>.debug_line</name>
         <load_address>0xc35</load_address>
         <run_address>0xc35</run_address>
         <size>0x52</size>
         <input_file_ref idref="fl-7"/>
      </object_component>
      <object_component id="oc-2a6">
         <name>.debug_line</name>
         <load_address>0xc87</load_address>
         <run_address>0xc87</run_address>
         <size>0x4e</size>
         <input_file_ref idref="fl-22"/>
      </object_component>
      <object_component id="oc-195">
         <name>.debug_line</name>
         <load_address>0xcd5</load_address>
         <run_address>0xcd5</run_address>
         <size>0x43</size>
         <input_file_ref idref="fl-23"/>
      </object_component>
      <object_component id="oc-db">
         <name>.debug_line</name>
         <load_address>0xd18</load_address>
         <run_address>0xd18</run_address>
         <size>0x3d</size>
         <input_file_ref idref="fl-2f"/>
      </object_component>
      <object_component id="oc-184">
         <name>.debug_line</name>
         <load_address>0xd55</load_address>
         <run_address>0xd55</run_address>
         <size>0x42</size>
         <input_file_ref idref="fl-30"/>
      </object_component>
      <object_component id="oc-125">
         <name>.debug_line</name>
         <load_address>0xd97</load_address>
         <run_address>0xd97</run_address>
         <size>0x2a</size>
         <input_file_ref idref="fl-31"/>
      </object_component>
      <object_component id="oc-fb">
         <name>.debug_line</name>
         <load_address>0xdc1</load_address>
         <run_address>0xdc1</run_address>
         <size>0x46</size>
         <input_file_ref idref="fl-31"/>
      </object_component>
      <object_component id="oc-2be">
         <name>.debug_line</name>
         <load_address>0xe07</load_address>
         <run_address>0xe07</run_address>
         <size>0xbf</size>
         <input_file_ref idref="fl-32"/>
      </object_component>
      <object_component id="oc-1e4">
         <name>.debug_line</name>
         <load_address>0xec6</load_address>
         <run_address>0xec6</run_address>
         <size>0x73</size>
         <input_file_ref idref="fl-32"/>
      </object_component>
      <object_component id="oc-2c2">
         <name>.debug_line</name>
         <load_address>0xf39</load_address>
         <run_address>0xf39</run_address>
         <size>0x2e</size>
         <input_file_ref idref="fl-32"/>
      </object_component>
      <object_component id="oc-2ce">
         <name>.debug_line</name>
         <load_address>0xf67</load_address>
         <run_address>0xf67</run_address>
         <size>0x9a</size>
         <input_file_ref idref="fl-32"/>
      </object_component>
      <object_component id="oc-287">
         <name>.debug_line</name>
         <load_address>0x1001</load_address>
         <run_address>0x1001</run_address>
         <size>0x97</size>
         <input_file_ref idref="fl-32"/>
      </object_component>
      <object_component id="oc-2c7">
         <name>.debug_line</name>
         <load_address>0x1098</load_address>
         <run_address>0x1098</run_address>
         <size>0x93</size>
         <input_file_ref idref="fl-32"/>
      </object_component>
      <object_component id="oc-19f">
         <name>.debug_line</name>
         <load_address>0x112b</load_address>
         <run_address>0x112b</run_address>
         <size>0x20</size>
         <input_file_ref idref="fl-33"/>
      </object_component>
      <object_component id="oc-ec">
         <name>.debug_line</name>
         <load_address>0x114b</load_address>
         <run_address>0x114b</run_address>
         <size>0x4f</size>
         <input_file_ref idref="fl-33"/>
      </object_component>
      <object_component id="oc-151">
         <name>.debug_line</name>
         <load_address>0x119a</load_address>
         <run_address>0x119a</run_address>
         <size>0x34</size>
         <input_file_ref idref="fl-33"/>
      </object_component>
      <object_component id="oc-134">
         <name>.debug_line</name>
         <load_address>0x11ce</load_address>
         <run_address>0x11ce</run_address>
         <size>0x92</size>
         <input_file_ref idref="fl-33"/>
      </object_component>
      <object_component id="oc-156">
         <name>.debug_line</name>
         <load_address>0x1260</load_address>
         <run_address>0x1260</run_address>
         <size>0x3e</size>
         <input_file_ref idref="fl-36"/>
      </object_component>
      <object_component id="oc-273">
         <name>.debug_line</name>
         <load_address>0x129e</load_address>
         <run_address>0x129e</run_address>
         <size>0x3a</size>
         <input_file_ref idref="fl-37"/>
      </object_component>
      <object_component id="oc-13c">
         <name>.debug_line</name>
         <load_address>0x12d8</load_address>
         <run_address>0x12d8</run_address>
         <size>0x20</size>
         <input_file_ref idref="fl-38"/>
      </object_component>
      <object_component id="oc-3d">
         <name>.debug_line</name>
         <load_address>0x12f8</load_address>
         <run_address>0x12f8</run_address>
         <size>0x50</size>
         <input_file_ref idref="fl-38"/>
      </object_component>
      <object_component id="oc-d4">
         <name>.debug_line</name>
         <load_address>0x1348</load_address>
         <run_address>0x1348</run_address>
         <size>0x3a</size>
         <input_file_ref idref="fl-38"/>
      </object_component>
      <object_component id="oc-139">
         <name>.debug_line</name>
         <load_address>0x1382</load_address>
         <run_address>0x1382</run_address>
         <size>0x92</size>
         <input_file_ref idref="fl-38"/>
      </object_component>
      <object_component id="oc-17d">
         <name>.debug_line</name>
         <load_address>0x1414</load_address>
         <run_address>0x1414</run_address>
         <size>0x20</size>
         <input_file_ref idref="fl-39"/>
      </object_component>
      <object_component id="oc-37">
         <name>.debug_line</name>
         <load_address>0x1434</load_address>
         <run_address>0x1434</run_address>
         <size>0x92</size>
         <input_file_ref idref="fl-39"/>
      </object_component>
      <object_component id="oc-c3">
         <name>.debug_line</name>
         <load_address>0x14c6</load_address>
         <run_address>0x14c6</run_address>
         <size>0x3a</size>
         <input_file_ref idref="fl-39"/>
      </object_component>
      <object_component id="oc-17a">
         <name>.debug_line</name>
         <load_address>0x1500</load_address>
         <run_address>0x1500</run_address>
         <size>0x9a</size>
         <input_file_ref idref="fl-39"/>
      </object_component>
      <object_component id="oc-12c">
         <name>.debug_line</name>
         <load_address>0x159a</load_address>
         <run_address>0x159a</run_address>
         <size>0x96</size>
         <input_file_ref idref="fl-39"/>
      </object_component>
      <object_component id="oc-1d7">
         <name>.debug_line</name>
         <load_address>0x1630</load_address>
         <run_address>0x1630</run_address>
         <size>0x3d</size>
         <input_file_ref idref="fl-3a"/>
      </object_component>
      <object_component id="oc-17f">
         <name>.debug_line</name>
         <load_address>0x166d</load_address>
         <run_address>0x166d</run_address>
         <size>0x20</size>
         <input_file_ref idref="fl-3d"/>
      </object_component>
      <object_component id="oc-ce">
         <name>.debug_line</name>
         <load_address>0x168d</load_address>
         <run_address>0x168d</run_address>
         <size>0x42</size>
         <input_file_ref idref="fl-3d"/>
      </object_component>
      <object_component id="oc-be">
         <name>.debug_line</name>
         <load_address>0x16cf</load_address>
         <run_address>0x16cf</run_address>
         <size>0x40</size>
         <input_file_ref idref="fl-3e"/>
      </object_component>
      <object_component id="oc-b1">
         <name>.debug_line</name>
         <load_address>0x170f</load_address>
         <run_address>0x170f</run_address>
         <size>0x4e</size>
         <input_file_ref idref="fl-3f"/>
      </object_component>
      <object_component id="oc-b9">
         <name>.debug_line</name>
         <load_address>0x175d</load_address>
         <run_address>0x175d</run_address>
         <size>0x5e</size>
         <input_file_ref idref="fl-40"/>
      </object_component>
      <object_component id="oc-15c">
         <name>.debug_frame</name>
         <load_address>0x0</load_address>
         <run_address>0x0</run_address>
         <size>0x40</size>
         <input_file_ref idref="fl-2"/>
      </object_component>
      <object_component id="oc-1af">
         <name>.debug_frame</name>
         <load_address>0x40</load_address>
         <run_address>0x40</run_address>
         <size>0x3c</size>
         <input_file_ref idref="fl-3"/>
      </object_component>
      <object_component id="oc-297">
         <name>.debug_frame</name>
         <load_address>0x7c</load_address>
         <run_address>0x7c</run_address>
         <size>0x40</size>
         <input_file_ref idref="fl-3"/>
      </object_component>
      <object_component id="oc-241">
         <name>.debug_frame</name>
         <load_address>0xbc</load_address>
         <run_address>0xbc</run_address>
         <size>0x40</size>
         <input_file_ref idref="fl-3"/>
      </object_component>
      <object_component id="oc-245">
         <name>.debug_frame</name>
         <load_address>0xfc</load_address>
         <run_address>0xfc</run_address>
         <size>0x40</size>
         <input_file_ref idref="fl-3"/>
      </object_component>
      <object_component id="oc-1b8">
         <name>.debug_frame</name>
         <load_address>0x13c</load_address>
         <run_address>0x13c</run_address>
         <size>0x40</size>
         <input_file_ref idref="fl-3"/>
      </object_component>
      <object_component id="oc-13f">
         <name>.debug_frame</name>
         <load_address>0x17c</load_address>
         <run_address>0x17c</run_address>
         <size>0x40</size>
         <input_file_ref idref="fl-4"/>
      </object_component>
      <object_component id="oc-1bd">
         <name>.debug_frame</name>
         <load_address>0x1bc</load_address>
         <run_address>0x1bc</run_address>
         <size>0x40</size>
         <input_file_ref idref="fl-4"/>
      </object_component>
      <object_component id="oc-e1">
         <name>.debug_frame</name>
         <load_address>0x1fc</load_address>
         <run_address>0x1fc</run_address>
         <size>0x64</size>
         <input_file_ref idref="fl-4"/>
      </object_component>
      <object_component id="oc-25e">
         <name>.debug_frame</name>
         <load_address>0x260</load_address>
         <run_address>0x260</run_address>
         <size>0x40</size>
         <input_file_ref idref="fl-5"/>
      </object_component>
      <object_component id="oc-1a8">
         <name>.debug_frame</name>
         <load_address>0x2a0</load_address>
         <run_address>0x2a0</run_address>
         <size>0x3c</size>
         <input_file_ref idref="fl-5"/>
      </object_component>
      <object_component id="oc-1c6">
         <name>.debug_frame</name>
         <load_address>0x2dc</load_address>
         <run_address>0x2dc</run_address>
         <size>0x40</size>
         <input_file_ref idref="fl-5"/>
      </object_component>
      <object_component id="oc-1c8">
         <name>.debug_frame</name>
         <load_address>0x31c</load_address>
         <run_address>0x31c</run_address>
         <size>0x40</size>
         <input_file_ref idref="fl-5"/>
      </object_component>
      <object_component id="oc-146">
         <name>.debug_frame</name>
         <load_address>0x35c</load_address>
         <run_address>0x35c</run_address>
         <size>0x3c</size>
         <input_file_ref idref="fl-6"/>
      </object_component>
      <object_component id="oc-1a3">
         <name>.debug_frame</name>
         <load_address>0x398</load_address>
         <run_address>0x398</run_address>
         <size>0x3c</size>
         <input_file_ref idref="fl-6"/>
      </object_component>
      <object_component id="oc-e7">
         <name>.debug_frame</name>
         <load_address>0x3d4</load_address>
         <run_address>0x3d4</run_address>
         <size>0x64</size>
         <input_file_ref idref="fl-6"/>
      </object_component>
      <object_component id="oc-253">
         <name>.debug_frame</name>
         <load_address>0x438</load_address>
         <run_address>0x438</run_address>
         <size>0x40</size>
         <input_file_ref idref="fl-7"/>
      </object_component>
      <object_component id="oc-ff">
         <name>.debug_frame</name>
         <load_address>0x478</load_address>
         <run_address>0x478</run_address>
         <size>0x34</size>
         <input_file_ref idref="fl-31"/>
      </object_component>
      <object_component id="oc-1e3">
         <name>.debug_frame</name>
         <load_address>0x4ac</load_address>
         <run_address>0x4ac</run_address>
         <size>0x44</size>
         <input_file_ref idref="fl-32"/>
      </object_component>
      <object_component id="oc-ed">
         <name>.debug_frame</name>
         <load_address>0x4f0</load_address>
         <run_address>0x4f0</run_address>
         <size>0x3c</size>
         <input_file_ref idref="fl-33"/>
      </object_component>
      <object_component id="oc-15a">
         <name>.debug_frame</name>
         <load_address>0x52c</load_address>
         <run_address>0x52c</run_address>
         <size>0x3c</size>
         <input_file_ref idref="fl-36"/>
      </object_component>
      <object_component id="oc-277">
         <name>.debug_frame</name>
         <load_address>0x568</load_address>
         <run_address>0x568</run_address>
         <size>0x3c</size>
         <input_file_ref idref="fl-37"/>
      </object_component>
      <object_component id="oc-3e">
         <name>.debug_frame</name>
         <load_address>0x5a4</load_address>
         <run_address>0x5a4</run_address>
         <size>0x3c</size>
         <input_file_ref idref="fl-38"/>
      </object_component>
      <object_component id="oc-38">
         <name>.debug_frame</name>
         <load_address>0x5e0</load_address>
         <run_address>0x5e0</run_address>
         <size>0x48</size>
         <input_file_ref idref="fl-39"/>
      </object_component>
      <object_component id="oc-1d8">
         <name>.debug_frame</name>
         <load_address>0x628</load_address>
         <run_address>0x628</run_address>
         <size>0x3c</size>
         <input_file_ref idref="fl-3a"/>
      </object_component>
      <object_component id="oc-cf">
         <name>.debug_frame</name>
         <load_address>0x664</load_address>
         <run_address>0x664</run_address>
         <size>0x3c</size>
         <input_file_ref idref="fl-3d"/>
      </object_component>
      <object_component id="oc-229">
         <name>.debug_abbrev</name>
         <load_address>0x0</load_address>
         <run_address>0x0</run_address>
         <size>0xb5</size>
         <input_file_ref idref="fl-2"/>
      </object_component>
      <object_component id="oc-1cd">
         <name>.debug_abbrev</name>
         <load_address>0xb5</load_address>
         <run_address>0xb5</run_address>
         <size>0x6b</size>
         <input_file_ref idref="fl-2"/>
      </object_component>
      <object_component id="oc-22d">
         <name>.debug_abbrev</name>
         <load_address>0x120</load_address>
         <run_address>0x120</run_address>
         <size>0x7d</size>
         <input_file_ref idref="fl-2"/>
      </object_component>
      <object_component id="oc-232">
         <name>.debug_abbrev</name>
         <load_address>0x19d</load_address>
         <run_address>0x19d</run_address>
         <size>0x97</size>
         <input_file_ref idref="fl-2"/>
      </object_component>
      <object_component id="oc-1d0">
         <name>.debug_abbrev</name>
         <load_address>0x234</load_address>
         <run_address>0x234</run_address>
         <size>0x7d</size>
         <input_file_ref idref="fl-2"/>
      </object_component>
      <object_component id="oc-21c">
         <name>.debug_abbrev</name>
         <load_address>0x2b1</load_address>
         <run_address>0x2b1</run_address>
         <size>0x69</size>
         <input_file_ref idref="fl-2"/>
      </object_component>
      <object_component id="oc-217">
         <name>.debug_abbrev</name>
         <load_address>0x31a</load_address>
         <run_address>0x31a</run_address>
         <size>0x49</size>
         <input_file_ref idref="fl-2"/>
      </object_component>
      <object_component id="oc-c7">
         <name>.debug_abbrev</name>
         <load_address>0x363</load_address>
         <run_address>0x363</run_address>
         <size>0x1f</size>
         <input_file_ref idref="fl-2"/>
      </object_component>
      <object_component id="oc-223">
         <name>.debug_abbrev</name>
         <load_address>0x382</load_address>
         <run_address>0x382</run_address>
         <size>0x35</size>
         <input_file_ref idref="fl-2"/>
      </object_component>
      <object_component id="oc-18e">
         <name>.debug_abbrev</name>
         <load_address>0x3b7</load_address>
         <run_address>0x3b7</run_address>
         <size>0x24</size>
         <input_file_ref idref="fl-2"/>
      </object_component>
      <object_component id="oc-293">
         <name>.debug_abbrev</name>
         <load_address>0x3db</load_address>
         <run_address>0x3db</run_address>
         <size>0xa1</size>
         <input_file_ref idref="fl-3"/>
      </object_component>
      <object_component id="oc-242">
         <name>.debug_abbrev</name>
         <load_address>0x47c</load_address>
         <run_address>0x47c</run_address>
         <size>0x5e</size>
         <input_file_ref idref="fl-3"/>
      </object_component>
      <object_component id="oc-2d0">
         <name>.debug_abbrev</name>
         <load_address>0x4da</load_address>
         <run_address>0x4da</run_address>
         <size>0x7a</size>
         <input_file_ref idref="fl-3"/>
      </object_component>
      <object_component id="oc-29b">
         <name>.debug_abbrev</name>
         <load_address>0x554</load_address>
         <run_address>0x554</run_address>
         <size>0x7a</size>
         <input_file_ref idref="fl-3"/>
      </object_component>
      <object_component id="oc-29c">
         <name>.debug_abbrev</name>
         <load_address>0x5ce</load_address>
         <run_address>0x5ce</run_address>
         <size>0x85</size>
         <input_file_ref idref="fl-3"/>
      </object_component>
      <object_component id="oc-249">
         <name>.debug_abbrev</name>
         <load_address>0x653</load_address>
         <run_address>0x653</run_address>
         <size>0x85</size>
         <input_file_ref idref="fl-3"/>
      </object_component>
      <object_component id="oc-213">
         <name>.debug_abbrev</name>
         <load_address>0x6d8</load_address>
         <run_address>0x6d8</run_address>
         <size>0x94</size>
         <input_file_ref idref="fl-4"/>
      </object_component>
      <object_component id="oc-21f">
         <name>.debug_abbrev</name>
         <load_address>0x76c</load_address>
         <run_address>0x76c</run_address>
         <size>0x29</size>
         <input_file_ref idref="fl-4"/>
      </object_component>
      <object_component id="oc-18b">
         <name>.debug_abbrev</name>
         <load_address>0x795</load_address>
         <run_address>0x795</run_address>
         <size>0x85</size>
         <input_file_ref idref="fl-4"/>
      </object_component>
      <object_component id="oc-24a">
         <name>.debug_abbrev</name>
         <load_address>0x81a</load_address>
         <run_address>0x81a</run_address>
         <size>0x6e</size>
         <input_file_ref idref="fl-4"/>
      </object_component>
      <object_component id="oc-144">
         <name>.debug_abbrev</name>
         <load_address>0x888</load_address>
         <run_address>0x888</run_address>
         <size>0x61</size>
         <input_file_ref idref="fl-4"/>
      </object_component>
      <object_component id="oc-29f">
         <name>.debug_abbrev</name>
         <load_address>0x8e9</load_address>
         <run_address>0x8e9</run_address>
         <size>0x92</size>
         <input_file_ref idref="fl-5"/>
      </object_component>
      <object_component id="oc-29d">
         <name>.debug_abbrev</name>
         <load_address>0x97b</load_address>
         <run_address>0x97b</run_address>
         <size>0x27</size>
         <input_file_ref idref="fl-5"/>
      </object_component>
      <object_component id="oc-2a7">
         <name>.debug_abbrev</name>
         <load_address>0x9a2</load_address>
         <run_address>0x9a2</run_address>
         <size>0x78</size>
         <input_file_ref idref="fl-5"/>
      </object_component>
      <object_component id="oc-238">
         <name>.debug_abbrev</name>
         <load_address>0xa1a</load_address>
         <run_address>0xa1a</run_address>
         <size>0x5e</size>
         <input_file_ref idref="fl-5"/>
      </object_component>
      <object_component id="oc-251">
         <name>.debug_abbrev</name>
         <load_address>0xa78</load_address>
         <run_address>0xa78</run_address>
         <size>0x77</size>
         <input_file_ref idref="fl-5"/>
      </object_component>
      <object_component id="oc-25f">
         <name>.debug_abbrev</name>
         <load_address>0xaef</load_address>
         <run_address>0xaef</run_address>
         <size>0x6c</size>
         <input_file_ref idref="fl-5"/>
      </object_component>
      <object_component id="oc-235">
         <name>.debug_abbrev</name>
         <load_address>0xb5b</load_address>
         <run_address>0xb5b</run_address>
         <size>0x77</size>
         <input_file_ref idref="fl-6"/>
      </object_component>
      <object_component id="oc-226">
         <name>.debug_abbrev</name>
         <load_address>0xbd2</load_address>
         <run_address>0xbd2</run_address>
         <size>0x29</size>
         <input_file_ref idref="fl-6"/>
      </object_component>
      <object_component id="oc-149">
         <name>.debug_abbrev</name>
         <load_address>0xbfb</load_address>
         <run_address>0xbfb</run_address>
         <size>0x5e</size>
         <input_file_ref idref="fl-6"/>
      </object_component>
      <object_component id="oc-237">
         <name>.debug_abbrev</name>
         <load_address>0xc59</load_address>
         <run_address>0xc59</run_address>
         <size>0x50</size>
         <input_file_ref idref="fl-6"/>
      </object_component>
      <object_component id="oc-14c">
         <name>.debug_abbrev</name>
         <load_address>0xca9</load_address>
         <run_address>0xca9</run_address>
         <size>0x61</size>
         <input_file_ref idref="fl-6"/>
      </object_component>
      <object_component id="oc-2d1">
         <name>.debug_abbrev</name>
         <load_address>0xd0a</load_address>
         <run_address>0xd0a</run_address>
         <size>0x25</size>
         <input_file_ref idref="fl-7"/>
      </object_component>
      <object_component id="oc-256">
         <name>.debug_abbrev</name>
         <load_address>0xd2f</load_address>
         <run_address>0xd2f</run_address>
         <size>0x6c</size>
         <input_file_ref idref="fl-7"/>
      </object_component>
      <object_component id="oc-2d3">
         <name>.debug_abbrev</name>
         <load_address>0xd9b</load_address>
         <run_address>0xd9b</run_address>
         <size>0x3c</size>
         <input_file_ref idref="fl-22"/>
      </object_component>
      <object_component id="oc-228">
         <name>.debug_abbrev</name>
         <load_address>0xdd7</load_address>
         <run_address>0xdd7</run_address>
         <size>0x3c</size>
         <input_file_ref idref="fl-23"/>
      </object_component>
      <object_component id="oc-13d">
         <name>.debug_abbrev</name>
         <load_address>0xe13</load_address>
         <run_address>0xe13</run_address>
         <size>0x28</size>
         <input_file_ref idref="fl-2f"/>
      </object_component>
      <object_component id="oc-212">
         <name>.debug_abbrev</name>
         <load_address>0xe3b</load_address>
         <run_address>0xe3b</run_address>
         <size>0x3c</size>
         <input_file_ref idref="fl-30"/>
      </object_component>
      <object_component id="oc-124">
         <name>.debug_abbrev</name>
         <load_address>0xe77</load_address>
         <run_address>0xe77</run_address>
         <size>0x29</size>
         <input_file_ref idref="fl-31"/>
      </object_component>
      <object_component id="oc-164">
         <name>.debug_abbrev</name>
         <load_address>0xea0</load_address>
         <run_address>0xea0</run_address>
         <size>0x58</size>
         <input_file_ref idref="fl-31"/>
      </object_component>
      <object_component id="oc-2bd">
         <name>.debug_abbrev</name>
         <load_address>0xef8</load_address>
         <run_address>0xef8</run_address>
         <size>0xc0</size>
         <input_file_ref idref="fl-32"/>
      </object_component>
      <object_component id="oc-278">
         <name>.debug_abbrev</name>
         <load_address>0xfb8</load_address>
         <run_address>0xfb8</run_address>
         <size>0x7e</size>
         <input_file_ref idref="fl-32"/>
      </object_component>
      <object_component id="oc-2c1">
         <name>.debug_abbrev</name>
         <load_address>0x1036</load_address>
         <run_address>0x1036</run_address>
         <size>0x24</size>
         <input_file_ref idref="fl-32"/>
      </object_component>
      <object_component id="oc-2cd">
         <name>.debug_abbrev</name>
         <load_address>0x105a</load_address>
         <run_address>0x105a</run_address>
         <size>0x24</size>
         <input_file_ref idref="fl-32"/>
      </object_component>
      <object_component id="oc-286">
         <name>.debug_abbrev</name>
         <load_address>0x107e</load_address>
         <run_address>0x107e</run_address>
         <size>0x24</size>
         <input_file_ref idref="fl-32"/>
      </object_component>
      <object_component id="oc-2c6">
         <name>.debug_abbrev</name>
         <load_address>0x10a2</load_address>
         <run_address>0x10a2</run_address>
         <size>0x4b</size>
         <input_file_ref idref="fl-32"/>
      </object_component>
      <object_component id="oc-19e">
         <name>.debug_abbrev</name>
         <load_address>0x10ed</load_address>
         <run_address>0x10ed</run_address>
         <size>0x37</size>
         <input_file_ref idref="fl-33"/>
      </object_component>
      <object_component id="oc-14d">
         <name>.debug_abbrev</name>
         <load_address>0x1124</load_address>
         <run_address>0x1124</run_address>
         <size>0x6f</size>
         <input_file_ref idref="fl-33"/>
      </object_component>
      <object_component id="oc-150">
         <name>.debug_abbrev</name>
         <load_address>0x1193</load_address>
         <run_address>0x1193</run_address>
         <size>0x24</size>
         <input_file_ref idref="fl-33"/>
      </object_component>
      <object_component id="oc-133">
         <name>.debug_abbrev</name>
         <load_address>0x11b7</load_address>
         <run_address>0x11b7</run_address>
         <size>0x24</size>
[...]
      </symbol>
      <symbol id="sm-54">
         <name>CALBC1_16MHZ</name>
         <value>0x10f9</value>
      </symbol>
      <symbol id="sm-55">
         <name>CALDCO_12MHZ</name>
         <value>0x10fa</value>
      </symbol>
      <symbol id="sm-56">
         <name>CALBC1_12MHZ</name>
         <value>0x10fb</value>
      </symbol>
      <symbol id="sm-57">
         <name>CALDCO_8MHZ</name>
         <value>0x10fc</value>
      </symbol>
      <symbol id="sm-58">
         <name>CALBC1_8MHZ</name>
         <value>0x10fd</value>
      </symbol>
      <symbol id="sm-59">
         <name>CALDCO_1MHZ</name>
         <value>0x10fe</value>
      </symbol>
      <symbol id="sm-5a">
         <name>CALBC1_1MHZ</name>
         <value>0x10ff</value>
      </symbol>
      <symbol id="sm-5b">
         <name>TLV_CHECKSUM</name>
         <value>0x10c0</value>
      </symbol>
      <symbol id="sm-5c">
         <name>TLV_DCO_30_TAG</name>
         <value>0x10f6</value>
      </symbol>
      <symbol id="sm-5d">
         <name>TLV_DCO_30_LEN</name>
         <value>0x10f7</value>
      </symbol>
      <symbol id="sm-5e">
         <name>TLV_ADC10_1_TAG</name>
         <value>0x10da</value>
      </symbol>
      <symbol id="sm-5f">
         <name>TLV_ADC10_1_LEN</name>
         <value>0x10db</value>
      </symbol>
      <symbol id="sm-60">
         <name>__TI_CINIT_Base</name>
         <value>0xe674</value>
      </symbol>
      <symbol id="sm-61">
         <name>__TI_CINIT_Limit</name>
         <value>0xe67c</value>
      </symbol>
      <symbol id="sm-62">
         <name>__TI_Handler_Table_Base</name>
         <value>0xe66a</value>
      </symbol>
      <symbol id="sm-63">
         <name>__TI_Handler_Table_Limit</name>
         <value>0xe670</value>
      </symbol>
      <symbol id="sm-64">
         <name>__STACK_SIZE</name>
         <value>0x50</value>
      </symbol>
      <symbol id="sm-65">
         <name>__STACK_END</name>
         <value>0x400</value>
      </symbol>
      <symbol id="sm-66">
         <name>__c_args__</name>
         <value>0xffffffff</value>
      </symbol>
      <symbol id="sm-67">
         <name>__TI_pprof_out_hndl</name>
         <value>0xffffffff</value>
      </symbol>
      <symbol id="sm-68">
         <name>__TI_prof_data_start</name>
         <value>0xffffffff</value>
      </symbol>
      <symbol id="sm-69">
         <name>__TI_prof_data_size</name>
         <value>0xffffffff</value>
      </symbol>
      <symbol id="sm-d1">
         <name>g_display_config</name>
         <value>0x350</value>
      </symbol>
      <symbol id="sm-d2">
         <name>g_uptime</name>
         <value>0x356</value>
      </symbol>
      <symbol id="sm-d3">
         <name>display</name>
         <value>0x340</value>
      </symbol>
      <symbol id="sm-d4">
         <name>ui</name>
         <value>0x32c</value>
      </symbol>
      <symbol id="sm-d5">
         <name>main</name>
         <value>0xe000</value>
         <object_component_ref idref="oc-15b"/>
      </symbol>
      <symbol id="sm-105">
         <name>display_off</name>
         <value>0xe452</value>
         <object_component_ref idref="oc-1b4"/>
      </symbol>
      <symbol id="sm-106">
         <name>display_init</name>
         <value>0xe16c</value>
         <object_component_ref idref="oc-1ad"/>
      </symbol>
      <symbol id="sm-107">
         <name>display_write_config</name>
         <value>0xe35e</value>
         <object_component_ref idref="oc-23c"/>
      </symbol>
      <symbol id="sm-108">
         <name>display_show_all_digits</name>
         <value>0xe420</value>
         <object_component_ref idref="oc-243"/>
      </symbol>
      <symbol id="sm-109">
         <name>spi_Write_Reg</name>
         <value>0xe3e6</value>
         <object_component_ref idref="oc-295"/>
      </symbol>
      <symbol id="sm-12f">
         <name>buttons</name>
         <value>0x200</value>
      </symbol>
      <symbol id="sm-130">
         <name>__TI_int03</name>
         <value>0xffe6</value>
         <object_component_ref idref="oc-41"/>
      </symbol>
      <symbol id="sm-131">
         <name>Port_2</name>
         <value>0xe580</value>
         <object_component_ref idref="oc-dc"/>
      </symbol>
      <symbol id="sm-132">
         <name>buttons_new_press</name>
         <value>0x35c</value>
         <object_component_ref idref="oc-188"/>
      </symbol>
      <symbol id="sm-133">
         <name>update_press_from_interrupt</name>
         <value>0xe224</value>
         <object_component_ref idref="oc-13e"/>
      </symbol>
      <symbol id="sm-134">
         <name>buttons_check</name>
         <value>0xe508</value>
         <object_component_ref idref="oc-1bb"/>
      </symbol>
      <symbol id="sm-165">
         <name>neopixel_leds</name>
         <value>0x2c8</value>
      </symbol>
      <symbol id="sm-166">
         <name>neopixel_Init</name>
         <value>0xe5bc</value>
         <object_component_ref idref="oc-1a7"/>
      </symbol>
      <symbol id="sm-167">
         <name>neopixel_Show</name>
         <value>0xe1c8</value>
         <object_component_ref idref="oc-1c7"/>
      </symbol>
      <symbol id="sm-168">
         <name>neopixel_Clear</name>
         <value>0xe314</value>
         <object_component_ref idref="oc-1c1"/>
      </symbol>
      <symbol id="sm-18f">
         <name>__TI_int09</name>
         <value>0xfff2</value>
         <object_component_ref idref="oc-46"/>
      </symbol>
      <symbol id="sm-190">
         <name>rtc_miliseconds</name>
         <value>0x35a</value>
         <object_component_ref idref="oc-191"/>
      </symbol>
      <symbol id="sm-191">
         <name>clock_init</name>
         <value>0xe2ca</value>
         <object_component_ref idref="oc-1a1"/>
      </symbol>
      <symbol id="sm-192">
         <name>Timer_A</name>
         <value>0xe482</value>
         <object_component_ref idref="oc-e2"/>
      </symbol>
      <symbol id="sm-193">
         <name>rtc_tick</name>
         <value>0xe532</value>
         <object_component_ref idref="oc-145"/>
      </symbol>
      <symbol id="sm-1a2">
         <name>delay_us</name>
         <value>0xe55a</value>
         <object_component_ref idref="oc-252"/>
      </symbol>
      <symbol id="sm-1aa">
         <name>__mspabi_srai</name>
         <value>0xe4b0</value>
         <object_component_ref idref="oc-2a2"/>
      </symbol>
      <symbol id="sm-1ab">
         <name>__mspabi_srai_8</name>
         <value>0xe4ca</value>
         <object_component_ref idref="oc-2a2"/>
      </symbol>
      <symbol id="sm-1ac">
         <name>__mspabi_srai_9</name>
         <value>0xe4c8</value>
         <object_component_ref idref="oc-2a2"/>
      </symbol>
      <symbol id="sm-1ad">
         <name>__mspabi_srai_6</name>
         <value>0xe4ce</value>
         <object_component_ref idref="oc-2a2"/>
      </symbol>
      <symbol id="sm-1ae">
         <name>__mspabi_srai_7</name>
         <value>0xe4cc</value>
         <object_component_ref idref="oc-2a2"/>
      </symbol>
      <symbol id="sm-1af">
         <name>__mspabi_srai_4</name>
         <value>0xe4d2</value>
         <object_component_ref idref="oc-2a2"/>
      </symbol>
      <symbol id="sm-1b0">
         <name>__mspabi_srai_5</name>
         <value>0xe4d0</value>
         <object_component_ref idref="oc-2a2"/>
      </symbol>
      <symbol id="sm-1b1">
         <name>__mspabi_srai_2</name>
         <value>0xe4d6</value>
         <object_component_ref idref="oc-2a2"/>
      </symbol>
      <symbol id="sm-1b2">
         <name>__mspabi_srai_3</name>
         <value>0xe4d4</value>
         <object_component_ref idref="oc-2a2"/>
      </symbol>
      <symbol id="sm-1b3">
         <name>__mspabi_srai_1</name>
         <value>0xe4d8</value>
         <object_component_ref idref="oc-2a2"/>
      </symbol>
      <symbol id="sm-1b4">
         <name>__mspabi_srai_15</name>
         <value>0xe4bc</value>
         <object_component_ref idref="oc-2a2"/>
      </symbol>
      <symbol id="sm-1b5">
         <name>__mspabi_srai_14</name>
         <value>0xe4be</value>
         <object_component_ref idref="oc-2a2"/>
      </symbol>
      <symbol id="sm-1b6">
         <name>__mspabi_srai_13</name>
         <value>0xe4c0</value>
         <object_component_ref idref="oc-2a2"/>
      </symbol>
      <symbol id="sm-1b7">
         <name>__mspabi_srai_12</name>
         <value>0xe4c2</value>
         <object_component_ref idref="oc-2a2"/>
      </symbol>
      <symbol id="sm-1b8">
         <name>__mspabi_srai_11</name>
         <value>0xe4c4</value>
         <object_component_ref idref="oc-2a2"/>
      </symbol>
      <symbol id="sm-1b9">
         <name>__mspabi_srai_10</name>
         <value>0xe4c6</value>
         <object_component_ref idref="oc-2a2"/>
      </symbol>
      <symbol id="sm-1c3">
         <name>__mspabi_remu</name>
         <value>0xe5d8</value>
         <object_component_ref idref="oc-194"/>
      </symbol>
      <symbol id="sm-1c4">
         <name>__mspabi_divu</name>
         <value>0xe5d8</value>
         <object_component_ref idref="oc-194"/>
      </symbol>
      <symbol id="sm-1c8">
         <name>__TI_int00</name>
         <value>0xffe0</value>
         <object_component_ref idref="oc-3f"/>
      </symbol>
      <symbol id="sm-1cb">
         <name>__TI_int02</name>
         <value>0xffe4</value>
         <object_component_ref idref="oc-40"/>
      </symbol>
      <symbol id="sm-1ce">
         <name>__TI_int05</name>
         <value>0xffea</value>
         <object_component_ref idref="oc-42"/>
      </symbol>
      <symbol id="sm-1d1">
         <name>__TI_int06</name>
         <value>0xffec</value>
         <object_component_ref idref="oc-43"/>
      </symbol>
      <symbol id="sm-1d4">
         <name>__TI_int07</name>
         <value>0xffee</value>
         <object_component_ref idref="oc-44"/>
      </symbol>
      <symbol id="sm-1d7">
         <name>__TI_int08</name>
         <value>0xfff0</value>
         <object_component_ref idref="oc-45"/>
      </symbol>
      <symbol id="sm-1da">
         <name>__TI_int10</name>
         <value>0xfff4</value>
         <object_component_ref idref="oc-47"/>
      </symbol>
      <symbol id="sm-1dd">
         <name>__TI_int12</name>
         <value>0xfff8</value>
         <object_component_ref idref="oc-48"/>
      </symbol>
      <symbol id="sm-1e0">
         <name>__TI_int13</name>
         <value>0xfffa</value>
         <object_component_ref idref="oc-49"/>
      </symbol>
      <symbol id="sm-1e3">
         <name>__TI_int14</name>
         <value>0xfffc</value>
         <object_component_ref idref="oc-4a"/>
      </symbol>
      <symbol id="sm-1eb">
         <name>__TI_ISR_TRAP</name>
         <value>0xe64a</value>
         <object_component_ref idref="oc-d7"/>
      </symbol>
      <symbol id="sm-1f5">
         <name>__mspabi_mpyi_sw</name>
         <value>0xe602</value>
         <object_component_ref idref="oc-180"/>
      </symbol>
      <symbol id="sm-1f6">
         <name>__mspabi_mpyi</name>
         <value>0xe602</value>
         <object_component_ref idref="oc-180"/>
      </symbol>
      <symbol id="sm-206">
         <name>_stack</name>
         <value>0x3b0</value>
         <object_component_ref idref="oc-ac"/>
      </symbol>
      <symbol id="sm-207">
         <name>_c_int00_noargs</name>
         <value>0xe5a0</value>
         <object_component_ref idref="oc-fa"/>
      </symbol>
      <symbol id="sm-208">
         <name>_reset_vector</name>
         <value>0xfffe</value>
         <object_component_ref idref="oc-af"/>
      </symbol>
      <symbol id="sm-22a">
         <name>__TI_auto_init_nobinit_nopinit</name>
         <value>0xe3a4</value>
         <object_component_ref idref="oc-1df"/>
      </symbol>
      <symbol id="sm-242">
         <name>__TI_zero_init_nomemset</name>
         <value>0xe5ee</value>
         <object_component_ref idref="oc-e8"/>
      </symbol>
      <symbol id="sm-24d">
         <name>_system_pre_init</name>
         <value>0xe658</value>
         <object_component_ref idref="oc-155"/>
      </symbol>
      <symbol id="sm-256">
         <name>_system_post_cinit</name>
         <value>0xe65c</value>
         <object_component_ref idref="oc-272"/>
      </symbol>
      <symbol id="sm-26c">
         <name>__TI_decompress_none</name>
         <value>0xe616</value>
         <object_component_ref idref="oc-39"/>
      </symbol>
      <symbol id="sm-28f">
         <name>__TI_decompress_lzss</name>
         <value>0xe08c</value>
         <object_component_ref idref="oc-33"/>
      </symbol>
      <symbol id="sm-299">
         <name>C$$EXIT</name>
         <value>0xe652</value>
         <object_component_ref idref="oc-1d3"/>
      </symbol>
      <symbol id="sm-29a">
         <name>abort</name>
         <value>0xe652</value>
         <object_component_ref idref="oc-1d3"/>
      </symbol>
      <symbol id="sm-2aa">
         <name>memcpy</name>
         <value>0xe628</value>
         <object_component_ref idref="oc-ca"/>
      </symbol>
      <symbol id="sm-2b3">
         <name>__mspabi_func_epilog_2</name>
         <value>0xe644</value>
         <object_component_ref idref="oc-ba"/>
      </symbol>
      <symbol id="sm-2b4">
         <name>__mspabi_func_epilog_3</name>
         <value>0xe642</value>
         <object_component_ref idref="oc-ba"/>
      </symbol>
      <symbol id="sm-2b5">
         <name>__mspabi_func_epilog_1</name>
         <value>0xe646</value>
         <object_component_ref idref="oc-ba"/>
      </symbol>
      <symbol id="sm-2b6">
         <name>__mspabi_func_epilog_6</name>
         <value>0xe63c</value>
         <object_component_ref idref="oc-ba"/>
      </symbol>
      <symbol id="sm-2b7">
         <name>__mspabi_func_epilog_7</name>
         <value>0xe63a</value>
         <object_component_ref idref="oc-ba"/>
      </symbol>
      <symbol id="sm-2b8">
         <name>__mspabi_func_epilog_4</name>
         <value>0xe640</value>
         <object_component_ref idref="oc-ba"/>
      </symbol>
      <symbol id="sm-2b9">
         <name>__mspabi_func_epilog_5</name>
         <value>0xe63e</value>
         <object_component_ref idref="oc-ba"/>
      </symbol>
      <symbol id="sm-2c1">
         <name>__mspabi_slli</name>
         <value>0xe4dc</value>
         <object_component_ref idref="oc-b0"/>
      </symbol>
      <symbol id="sm-2c2">
         <name>__mspabi_slli_9</name>
         <value>0xe4f4</value>
         <object_component_ref idref="oc-b0"/>
      </symbol>
      <symbol id="sm-2c3">
         <name>__mspabi_slli_8</name>
         <value>0xe4f6</value>
         <object_component_ref idref="oc-b0"/>
      </symbol>
      <symbol id="sm-2c4">
         <name>__mspabi_slli_7</name>
         <value>0xe4f8</value>
         <object_component_ref idref="oc-b0"/>
      </symbol>
      <symbol id="sm-2c5">
         <name>__mspabi_slli_6</name>
         <value>0xe4fa</value>
         <object_component_ref idref="oc-b0"/>
      </symbol>
      <symbol id="sm-2c6">
         <name>__mspabi_slli_5</name>
         <value>0xe4fc</value>
         <object_component_ref idref="oc-b0"/>
      </symbol>
      <symbol id="sm-2c7">
         <name>__mspabi_slli_4</name>
         <value>0xe4fe</value>
         <object_component_ref idref="oc-b0"/>
      </symbol>
      <symbol id="sm-2c8">
         <name>__mspabi_slli_3</name>
         <value>0xe500</value>
         <object_component_ref idref="oc-b0"/>
      </symbol>
      <symbol id="sm-2c9">
         <name>__mspabi_slli_2</name>
         <value>0xe502</value>
         <object_component_ref idref="oc-b0"/>
      </symbol>
      <symbol id="sm-2ca">
         <name>__mspabi_slli_1</name>
         <value>0xe504</value>
         <object_component_ref idref="oc-b0"/>
      </symbol>
      <symbol id="sm-2cb">
         <name>__mspabi_slli_15</name>
         <value>0xe4e8</value>
         <object_component_ref idref="oc-b0"/>
      </symbol>
      <symbol id="sm-2cc">
         <name>__mspabi_slli_14</name>
         <value>0xe4ea</value>
         <object_component_ref idref="oc-b0"/>
      </symbol>
      <symbol id="sm-2cd">
         <name>__mspabi_slli_13</name>
         <value>0xe4ec</value>
         <object_component_ref idref="oc-b0"/>
      </symbol>
      <symbol id="sm-2ce">
         <name>__mspabi_slli_12</name>
         <value>0xe4ee</value>
         <object_component_ref idref="oc-b0"/>
      </symbol>
      <symbol id="sm-2cf">
         <name>__mspabi_slli_11</name>
         <value>0xe4f0</value>
         <object_component_ref idref="oc-b0"/>
      </symbol>
      <symbol id="sm-2d0">
         <name>__mspabi_slli_10</name>
         <value>0xe4f2</value>
         <object_component_ref idref="oc-b0"/>
      </symbol>
      <symbol id="sm-2d8">
         <name>__mspabi_srli_8</name>
         <value>0xe2a8</value>
         <object_component_ref idref="oc-b5"/>
      </symbol>
      <symbol id="sm-2d9">
         <name>__mspabi_srli_9</name>
         <value>0xe2a4</value>
         <object_component_ref idref="oc-b5"/>
      </symbol>
      <symbol id="sm-2da">
         <name>__mspabi_srli_6</name>
         <value>0xe2b0</value>
         <object_component_ref idref="oc-b5"/>
      </symbol>
      <symbol id="sm-2db">
         <name>__mspabi_srli_7</name>
         <value>0xe2ac</value>
         <object_component_ref idref="oc-b5"/>
      </symbol>
      <symbol id="sm-2dc">
         <name>__mspabi_srli_4</name>
         <value>0xe2b8</value>
         <object_component_ref idref="oc-b5"/>
      </symbol>
      <symbol id="sm-2dd">
         <name>__mspabi_srli_5</name>
         <value>0xe2b4</value>
         <object_component_ref idref="oc-b5"/>
      </symbol>
      <symbol id="sm-2de">
         <name>__mspabi_srli_2</name>
         <value>0xe2c0</value>
         <object_component_ref idref="oc-b5"/>
      </symbol>
      <symbol id="sm-2df">
         <name>__mspabi_srli_3</name>
         <value>0xe2bc</value>
         <object_component_ref idref="oc-b5"/>
      </symbol>
      <symbol id="sm-2e0">
         <name>__mspabi_srli_1</name>
         <value>0xe2c4</value>
         <object_component_ref idref="oc-b5"/>
      </symbol>
      <symbol id="sm-2e1">
         <name>__mspabi_srli</name>
         <value>0xe27e</value>
         <object_component_ref idref="oc-b5"/>
      </symbol>
      <symbol id="sm-2e2">
         <name>__mspabi_srli_15</name>
         <value>0xe28c</value>
         <object_component_ref idref="oc-b5"/>
      </symbol>
      <symbol id="sm-2e3">
         <name>__mspabi_srli_14</name>
         <value>0xe290</value>
         <object_component_ref idref="oc-b5"/>
      </symbol>
      <symbol id="sm-2e4">
         <name>__mspabi_srli_13</name>
         <value>0xe294</value>
         <object_component_ref idref="oc-b5"/>
      </symbol>
      <symbol id="sm-2e5">
         <name>__mspabi_srli_12</name>
         <value>0xe298</value>
         <object_component_ref idref="oc-b5"/>
      </symbol>
      <symbol id="sm-2e6">
         <name>__mspabi_srli_11</name>
         <value>0xe29c</value>
         <object_component_ref idref="oc-b5"/>
      </symbol>
      <symbol id="sm-2e7">
         <name>__mspabi_srli_10</name>
         <value>0xe2a0</value>
         <object_component_ref idref="oc-b5"/>
      </symbol>
   </symbol_table>
   <title>Link successful</title>
</link_info>
